<html>
<body>
<pre>
<h1>µVision Build Log</h1>
<h2>Tool Versions:</h2>
IDE-Version: µVision V5.36.0.0
Copyright (C) 2021 ARM Ltd and ARM Germany GmbH. All rights reserved.
License Information: vasili yamsh, home, LIC=D0D7S-LRLUG-SBNEJ-U3557-48UHF-MGFI6
 
Tool Versions:
Toolchain:       MDK-ARM Plus  Version: 5.36.0.0
Toolchain Path:  C:\Keil_v5\ARM\ARMCC\Bin
C Compiler:      Armcc.exe V5.06 update 7 (build 960)
Assembler:       Armasm.exe V5.06 update 7 (build 960)
Linker/Locator:  ArmLink.exe V5.06 update 7 (build 960)
Library Manager: ArmAr.exe V5.06 update 7 (build 960)
Hex Converter:   FromElf.exe V5.06 update 7 (build 960)
CPU DLL:         SARMCM3.DLL V5.36.0.0
Dialog DLL:      DCM.DLL V1.17.3.0
Target DLL:      STLink\ST-LINKIII-KEIL_SWO.dll V3.0.9.0
Dialog DLL:      TCM.DLL V1.53.0.0
 
<h2>Project:</h2>
D:\WORK\TestStandH7\MDK-ARM\GEOTRACK_1.uvprojx
Project File Date:  03/09/2023

<h2>Output:</h2>
*** Using Compiler 'V5.06 update 7 (build 960)', folder: 'C:\Keil_v5\ARM\ARMCC\Bin'
Rebuild target 'GEOTRACK_1'
assembling startup_stm32f767xx.s...
compiling stm32f7xx_hal_i2c_ex.c...
compiling stm32f7xx_it.c...
compiling SSD1306.c...
compiling main.c...
compiling stm32f7xx_hal_cortex.c...
compiling stm32f7xx_hal_flash_ex.c...
compiling stm32f7xx_hal_flash.c...
compiling stm32f7xx_hal_msp.c...
compiling stm32f7xx_hal_rcc_ex.c...
compiling stm32f7xx_hal_rcc.c...
compiling stm32f7xx_hal_i2c.c...
compiling stm32f7xx_hal_gpio.c...
compiling stm32f7xx_hal_dma.c...
compiling loopback.c...
compiling socket.c...
compiling wizchip_conf.c...
compiling w5500.c...
compiling retarget_io.c...
compiling stm32f7xx_hal_exti.c...
compiling stm32f7xx_hal_pwr_ex.c...
compiling system_stm32f7xx.c...
compiling stm32f7xx_hal_spi_ex.c...
compiling stm32f7xx_hal_dma_ex.c...
compiling stm32f7xx_hal_tim_ex.c...
compiling stm32f7xx_hal_pwr.c...
compiling stm32f7xx_hal.c...
compiling stm32f7xx_hal_tim.c...
compiling stm32f7xx_hal_spi.c...
linking...
Program Size: Code=18806 RO-data=2154 RW-data=148 ZI-data=3460  
FromELF: creating hex file...
"GEOTRACK_1\GEOTRACK_1.axf" - 0 Error(s), 0 Warning(s).

<h2>Software Packages used:</h2>

Package Vendor: ARM
                http://www.keil.com/pack/ARM.CMSIS.5.8.0.pack
                ARM.CMSIS.5.8.0
                CMSIS (Common Microcontroller Software Interface Standard)
   * Component: CORE Version: 5.5.0

Package Vendor: Keil
                http://www.keil.com/pack/Keil.ARM_Compiler.1.6.3.pack
                Keil.ARM_Compiler.1.6.3
                Keil ARM Compiler extensions for ARM Compiler 5 and ARM Compiler 6
   * Component: STDERR Variant: ITM Version: 1.2.0
   * Component: STDIN Variant: ITM Version: 1.2.0
   * Component: STDOUT Variant: ITM Version: 1.2.0

Package Vendor: Keil
                http://www.keil.com/pack/Keil.STM32F7xx_DFP.2.14.1.pack
                Keil.STM32F7xx_DFP.2.14.1
                STMicroelectronics STM32F7 Series Device Support, Drivers and Examples

<h2>Collection of Component include folders:</h2>
  .\RTE\_GEOTRACK_1
  C:\Users\Vas13G\AppData\Local\Arm\Packs\ARM\CMSIS\5.8.0\CMSIS\Core\Include
  C:\Users\Vas13G\AppData\Local\Arm\Packs\Keil\STM32F7xx_DFP\2.14.1\Drivers\CMSIS\Device\ST\STM32F7xx\Include

<h2>Collection of Component Files used:</h2>

   * Component: ARM::CMSIS:CORE:5.5.0
      Include file:  CMSIS\Core\Include\tz_context.h

   * Component: Keil.ARM Compiler::Compiler:I/O:STDERR:ITM:1.2.0
      Source file:   Source\retarget_io.c

   * Component: Keil.ARM Compiler::Compiler:I/O:STDIN:ITM:1.2.0
      Source file:   Source\retarget_io.c

   * Component: Keil.ARM Compiler::Compiler:I/O:STDOUT:ITM:1.2.0
      Source file:   Source\retarget_io.c
Build Time Elapsed:  00:00:20
</pre>
</body>
</html>
