Component: ARM Compiler 5.06 update 7 (build 960) Tool: armlink [4d3601]

==============================================================================

Section Cross References

    startup_stm32f767xx.o(STACK) refers (Special) to heapauxi.o(.text) for __use_two_region_memory
    startup_stm32f767xx.o(HEAP) refers (Special) to heapauxi.o(.text) for __use_two_region_memory
    startup_stm32f767xx.o(RESET) refers (Special) to heapauxi.o(.text) for __use_two_region_memory
    startup_stm32f767xx.o(RESET) refers to startup_stm32f767xx.o(STACK) for __initial_sp
    startup_stm32f767xx.o(RESET) refers to startup_stm32f767xx.o(.text) for Reset_Handler
    startup_stm32f767xx.o(RESET) refers to stm32f7xx_it.o(i.NMI_Handler) for NMI_Handler
    startup_stm32f767xx.o(RESET) refers to stm32f7xx_it.o(i.HardFault_Handler) for HardFault_Handler
    startup_stm32f767xx.o(RESET) refers to stm32f7xx_it.o(i.MemManage_Handler) for MemManage_Handler
    startup_stm32f767xx.o(RESET) refers to stm32f7xx_it.o(i.BusFault_Handler) for BusFault_Handler
    startup_stm32f767xx.o(RESET) refers to stm32f7xx_it.o(i.UsageFault_Handler) for UsageFault_Handler
    startup_stm32f767xx.o(RESET) refers to stm32f7xx_it.o(i.SVC_Handler) for SVC_Handler
    startup_stm32f767xx.o(RESET) refers to stm32f7xx_it.o(i.DebugMon_Handler) for DebugMon_Handler
    startup_stm32f767xx.o(RESET) refers to stm32f7xx_it.o(i.PendSV_Handler) for PendSV_Handler
    startup_stm32f767xx.o(RESET) refers to stm32f7xx_it.o(i.SysTick_Handler) for SysTick_Handler
    startup_stm32f767xx.o(.text) refers (Special) to heapauxi.o(.text) for __use_two_region_memory
    startup_stm32f767xx.o(.text) refers to system_stm32f7xx.o(i.SystemInit) for SystemInit
    startup_stm32f767xx.o(.text) refers to __main.o(!!!main) for __main
    startup_stm32f767xx.o(.text) refers to startup_stm32f767xx.o(HEAP) for Heap_Mem
    startup_stm32f767xx.o(.text) refers to startup_stm32f767xx.o(STACK) for Stack_Mem
    ssd1306.o(i.SSD1306_COMMAND) refers to stm32f7xx_hal_i2c.o(i.HAL_I2C_Master_Transmit) for HAL_I2C_Master_Transmit
    ssd1306.o(i.SSD1306_COMMAND) refers to main.o(.bss) for hi2c1
    ssd1306.o(i.SSD1306_DATA) refers to stm32f7xx_hal_i2c.o(i.HAL_I2C_Master_Transmit) for HAL_I2C_Master_Transmit
    ssd1306.o(i.SSD1306_DATA) refers to main.o(.bss) for hi2c1
    ssd1306.o(i.SSD1306_INIT) refers to ssd1306.o(i.SSD1306_COMMAND) for SSD1306_COMMAND
    ssd1306.o(i.SSD1306_INIT) refers to stm32f7xx_hal.o(i.HAL_Delay) for HAL_Delay
    ssd1306.o(i.SSD1306_RESET) refers to ssd1306.o(i.SSD1306_COMMAND) for SSD1306_COMMAND
    ssd1306.o(i.drawByte) refers to ssd1306.o(i.draw_pixel) for draw_pixel
    ssd1306.o(i.drawByte) refers to ssd1306.o(.data) for .data
    ssd1306.o(i.drawHorizontalLine) refers to ssd1306.o(i.draw_pixel) for draw_pixel
    ssd1306.o(i.drawHorizontalLine) refers to ssd1306.o(.data) for .data
    ssd1306.o(i.drawIcon) refers to ssd1306.o(i.drawByte) for drawByte
    ssd1306.o(i.drawIcon) refers to ssd1306.o(.data) for .data
    ssd1306.o(i.drawRectangle) refers to ssd1306.o(i.drawVerticalLine) for drawVerticalLine
    ssd1306.o(i.drawRectangle) refers to ssd1306.o(i.drawHorizontalLine) for drawHorizontalLine
    ssd1306.o(i.drawRectangle) refers to ssd1306.o(.data) for .data
    ssd1306.o(i.drawVerticalLine) refers to ssd1306.o(i.draw_pixel) for draw_pixel
    ssd1306.o(i.drawVerticalLine) refers to ssd1306.o(.data) for .data
    ssd1306.o(i.draw_pixel) refers to ssd1306.o(.bss) for .bss
    ssd1306.o(i.fillRectangle) refers to ssd1306.o(i.drawVerticalLine) for drawVerticalLine
    ssd1306.o(i.fillRectangle) refers to ssd1306.o(.data) for .data
    ssd1306.o(i.printChar) refers to ssd1306.o(i.drawByte) for drawByte
    ssd1306.o(i.printChar) refers to ssd1306.o(.data) for .data
    ssd1306.o(i.printString) refers to ssd1306.o(i.printChar) for printChar
    ssd1306.o(i.printString) refers to ssd1306.o(.data) for .data
    ssd1306.o(i.setColor) refers to ssd1306.o(.data) for .data
    ssd1306.o(i.setCursor) refers to ssd1306.o(.data) for .data
    ssd1306.o(i.setFont) refers to ssd1306.o(.data) for .data
    ssd1306.o(i.ssd1306_clear_display) refers to rt_memclr.o(.text) for __aeabi_memclr
    ssd1306.o(i.ssd1306_clear_display) refers to ssd1306.o(.bss) for .bss
    ssd1306.o(i.ssd1306_draw_display) refers to ssd1306.o(i.SSD1306_COMMAND) for SSD1306_COMMAND
    ssd1306.o(i.ssd1306_draw_display) refers to stm32f7xx_hal_i2c.o(i.HAL_I2C_Master_Transmit) for HAL_I2C_Master_Transmit
    ssd1306.o(i.ssd1306_draw_display) refers to ssd1306.o(.bss) for .bss
    ssd1306.o(i.ssd1306_draw_display) refers to main.o(.bss) for hi2c1
    main.o(i.MX_GPIO_Init) refers to rt_memclr_w.o(.text) for __aeabi_memclr4
    main.o(i.MX_GPIO_Init) refers to stm32f7xx_hal_gpio.o(i.HAL_GPIO_WritePin) for HAL_GPIO_WritePin
    main.o(i.MX_GPIO_Init) refers to stm32f7xx_hal_gpio.o(i.HAL_GPIO_Init) for HAL_GPIO_Init
[...]
    i.ssd1306_draw_display                   0x08004654   Section        0  ssd1306.o(i.ssd1306_draw_display)
    i.wiz_recv_data                          0x080046a0   Section        0  w5500.o(i.wiz_recv_data)
    i.wiz_send_data                          0x08004700   Section        0  w5500.o(i.wiz_send_data)
    i.wizchip_bus_readdata                   0x08004760   Section        0  wizchip_conf.o(i.wizchip_bus_readdata)
    i.wizchip_bus_writedata                  0x08004764   Section        0  wizchip_conf.o(i.wizchip_bus_writedata)
    i.wizchip_clrinterrupt                   0x08004768   Section        0  wizchip_conf.o(i.wizchip_clrinterrupt)
    i.wizchip_cris_enter                     0x080047a2   Section        0  wizchip_conf.o(i.wizchip_cris_enter)
    i.wizchip_cris_exit                      0x080047a4   Section        0  wizchip_conf.o(i.wizchip_cris_exit)
    i.wizchip_cs_deselect                    0x080047a6   Section        0  wizchip_conf.o(i.wizchip_cs_deselect)
    i.wizchip_cs_select                      0x080047a8   Section        0  wizchip_conf.o(i.wizchip_cs_select)
    i.wizchip_getinterrupt                   0x080047aa   Section        0  wizchip_conf.o(i.wizchip_getinterrupt)
    i.wizchip_getinterruptmask               0x080047c8   Section        0  wizchip_conf.o(i.wizchip_getinterruptmask)
    i.wizchip_getnetinfo                     0x080047e4   Section        0  wizchip_conf.o(i.wizchip_getnetinfo)
    i.wizchip_getnetmode                     0x0800483c   Section        0  wizchip_conf.o(i.wizchip_getnetmode)
    i.wizchip_gettimeout                     0x08004842   Section        0  wizchip_conf.o(i.wizchip_gettimeout)
    i.wizchip_init                           0x0800486a   Section        0  wizchip_conf.o(i.wizchip_init)
    i.wizchip_setinterruptmask               0x080048e4   Section        0  wizchip_conf.o(i.wizchip_setinterruptmask)
    i.wizchip_setnetinfo                     0x08004900   Section        0  wizchip_conf.o(i.wizchip_setnetinfo)
    i.wizchip_setnetmode                     0x08004958   Section        0  wizchip_conf.o(i.wizchip_setnetmode)
    i.wizchip_settimeout                     0x0800497c   Section        0  wizchip_conf.o(i.wizchip_settimeout)
    i.wizchip_spi_readburst                  0x080049a4   Section        0  wizchip_conf.o(i.wizchip_spi_readburst)
    i.wizchip_spi_readbyte                   0x080049a6   Section        0  wizchip_conf.o(i.wizchip_spi_readbyte)
    i.wizchip_spi_writeburst                 0x080049aa   Section        0  wizchip_conf.o(i.wizchip_spi_writeburst)
    i.wizchip_spi_writebyte                  0x080049ac   Section        0  wizchip_conf.o(i.wizchip_spi_writebyte)
    i.wizchip_sw_reset                       0x080049ae   Section        0  wizchip_conf.o(i.wizchip_sw_reset)
    i.wizphy_getphyconf                      0x08004a22   Section        0  wizchip_conf.o(i.wizphy_getphyconf)
    i.wizphy_getphylink                      0x08004a70   Section        0  wizchip_conf.o(i.wizphy_getphylink)
    i.wizphy_getphypmode                     0x08004a86   Section        0  wizchip_conf.o(i.wizphy_getphypmode)
    i.wizphy_reset                           0x08004aa0   Section        0  wizchip_conf.o(i.wizphy_reset)
    i.wizphy_setphyconf                      0x08004aca   Section        0  wizchip_conf.o(i.wizphy_setphyconf)
    i.wizphy_setphypmode                     0x08004b14   Section        0  wizchip_conf.o(i.wizphy_setphypmode)
    x$fpl$fpinit                             0x08004b64   Section       10  fpinit.o(x$fpl$fpinit)
    $v0                                      0x08004b64   Number         0  fpinit.o(x$fpl$fpinit)
    .constdata                               0x08004b6e   Section     1536  main.o(.constdata)
    .constdata                               0x0800516e   Section       16  system_stm32f7xx.o(.constdata)
    .constdata                               0x0800517e   Section        7  retarget_io.o(.constdata)
    .constdata                               0x08005185   Section        8  retarget_io.o(.constdata)
    .constdata                               0x0800518d   Section        8  retarget_io.o(.constdata)
    .constdata                               0x08005195   Section       40  _printf_hex_int.o(.constdata)
    uc_hextab                                0x08005195   Data          20  _printf_hex_int.o(.constdata)
    lc_hextab                                0x080051a9   Data          20  _printf_hex_int.o(.constdata)
    .data                                    0x20000000   Section       16  ssd1306.o(.data)
    .data                                    0x20000010   Section       35  main.o(.data)
    NetConf                                  0x2000001c   Data          23  main.o(.data)
    .data                                    0x20000034   Section       12  stm32f7xx_hal.o(.data)
    .data                                    0x20000040   Section        4  system_stm32f7xx.o(.data)
    .data                                    0x20000044   Section       14  socket.o(.data)
    sock_any_port                            0x20000044   Data           2  socket.o(.data)
    sock_io_mode                             0x20000046   Data           2  socket.o(.data)
    sock_is_sending                          0x20000048   Data           2  socket.o(.data)
    .data                                    0x20000054   Section       52  wizchip_conf.o(.data)
    _DHCP_                                   0x20000054   Data           1  wizchip_conf.o(.data)
    _DNS_                                    0x20000055   Data           4  wizchip_conf.o(.data)
    .data                                    0x20000088   Section        4  stdio_streams.o(.data)
    .data                                    0x2000008c   Section        4  stdio_streams.o(.data)
    .data                                    0x20000090   Section        4  stdio_streams.o(.data)
    .bss                                     0x20000094   Section     1024  ssd1306.o(.bss)
    buffer                                   0x20000094   Data        1024  ssd1306.o(.bss)
    .bss                                     0x20000494   Section      532  main.o(.bss)
    .bss                                     0x200006a8   Section       16  socket.o(.bss)
    sock_remained_size                       0x200006a8   Data          16  socket.o(.bss)
    .bss                                     0x200006b8   Section       84  stdio_streams.o(.bss)
    .bss                                     0x2000070c   Section       84  stdio_streams.o(.bss)
    .bss                                     0x20000760   Section       84  stdio_streams.o(.bss)
    .bss                                     0x200007b4   Section       96  libspace.o(.bss)
    HEAP                                     0x20000818   Section      512  startup_stm32f767xx.o(HEAP)
    Heap_Mem                                 0x20000818   Data         512  startup_stm32f767xx.o(HEAP)
    STACK                                    0x20000a18   Section     1024  startup_stm32f767xx.o(STACK)
    Stack_Mem                                0x20000a18   Data        1024  startup_stm32f767xx.o(STACK)
    __initial_sp                             0x20000e18   Data           0  startup_stm32f767xx.o(STACK)

    Global Symbols

    Symbol Name                              Value     Ov Type        Size  Object(Section)

    BuildAttributes$$THM_ISAv4$E$P$D$K$B$S$7EM$VFPv5_D16$PE$PLD8$A:L22UL41UL21$X:L11$S22US41US21$IEEE1$IW$USESV6$~STKCKD$USESV7$~SHL$OTIME$ROPI$EBA8$UX$STANDARDLIB$REQ8$PRES8$EABIv2 0x00000000   Number         0  anon$$obj.o ABSOLUTE
    __ARM_use_no_argv                        0x00000000   Number         0  main.o ABSOLUTE
    _printf_flags                            0x00000000   Number         0  printf_stubs.o ABSOLUTE
    _printf_return_value                     0x00000000   Number         0  printf_stubs.o ABSOLUTE
    _printf_sizespec                         0x00000000   Number         0  printf_stubs.o ABSOLUTE
    _printf_widthprec                        0x00000000   Number         0  printf_stubs.o ABSOLUTE
    __ARM_exceptions_init                     - Undefined Weak Reference
    __alloca_initialize                       - Undefined Weak Reference
    __arm_fini_                               - Undefined Weak Reference
    __arm_preinit_                            - Undefined Weak Reference
    __cpp_initialize__aeabi_                  - Undefined Weak Reference
    __cxa_finalize                            - Undefined Weak Reference
    __rt_locale                               - Undefined Weak Reference
    __sigvec_lookup                           - Undefined Weak Reference
    __user_heap_extent                        - Undefined Weak Reference
    _atexit_init                              - Undefined Weak Reference
    _call_atexit_fns                          - Undefined Weak Reference
    _clock_init                               - Undefined Weak Reference
    _fp_trap_init                             - Undefined Weak Reference
    _fp_trap_shutdown                         - Undefined Weak Reference
    _get_lc_collate                           - Undefined Weak Reference
    _get_lc_ctype                             - Undefined Weak Reference
    _get_lc_monetary                          - Undefined Weak Reference
    _get_lc_numeric                           - Undefined Weak Reference
    _get_lc_time                              - Undefined Weak Reference
    _getenv_init                              - Undefined Weak Reference
    _handle_redirection                       - Undefined Weak Reference
    _mutex_acquire                            - Undefined Weak Reference
    _mutex_free                               - Undefined Weak Reference
    _mutex_release                            - Undefined Weak Reference
    _printf_mbtowc                            - Undefined Weak Reference
    _printf_post_padding                      - Undefined Weak Reference
    _printf_pre_padding                       - Undefined Weak Reference
    _printf_truncate_signed                   - Undefined Weak Reference
    _printf_truncate_unsigned                 - Undefined Weak Reference
    _rand_init                                - Undefined Weak Reference
    _signal_finish                            - Undefined Weak Reference
    _signal_init                              - Undefined Weak Reference
    __Vectors_Size                           0x000001f8   Number         0  startup_stm32f767xx.o ABSOLUTE
    __Vectors                                0x08000000   Data           4  startup_stm32f767xx.o(RESET)
    __Vectors_End                            0x080001f8   Data           0  startup_stm32f767xx.o(RESET)
    __main                                   0x080001f9   Thumb Code     8  __main.o(!!!main)
    __scatterload                            0x08000201   Thumb Code     0  __scatter.o(!!!scatter)
    __scatterload_rt2                        0x08000201   Thumb Code    44  __scatter.o(!!!scatter)
    __scatterload_rt2_thumb_only             0x08000201   Thumb Code     0  __scatter.o(!!!scatter)
    __scatterload_null                       0x0800020f   Thumb Code     0  __scatter.o(!!!scatter)
    __scatterload_copy                       0x08000235   Thumb Code    26  __scatter_copy.o(!!handler_copy)
    __scatterload_zeroinit                   0x08000251   Thumb Code    28  __scatter_zi.o(!!handler_zi)
    _printf_d                                0x0800026d   Thumb Code     0  _printf_d.o(.ARM.Collect$$_printf_percent$$00000009)
    _printf_percent                          0x0800026d   Thumb Code     0  _printf_percent.o(.ARM.Collect$$_printf_percent$$00000000)
    _printf_u                                0x08000273   Thumb Code     0  _printf_u.o(.ARM.Collect$$_printf_percent$$0000000A)
    _printf_x                                0x08000279   Thumb Code     0  _printf_x.o(.ARM.Collect$$_printf_percent$$0000000C)
    _printf_s                                0x0800027f   Thumb Code     0  _printf_s.o(.ARM.Collect$$_printf_percent$$00000014)
    _printf_percent_end                      0x08000285   Thumb Code     0  _printf_percent_end.o(.ARM.Collect$$_printf_percent$$00000017)
    __rt_lib_init                            0x08000289   Thumb Code     0  libinit.o(.ARM.Collect$$libinit$$00000000)
    __rt_lib_init_fp_1                       0x0800028b   Thumb Code     0  libinit2.o(.ARM.Collect$$libinit$$00000001)
    __rt_lib_init_heap_2                     0x0800028f   Thumb Code     0  libinit2.o(.ARM.Collect$$libinit$$00000005)
    __rt_lib_init_preinit_1                  0x0800028f   Thumb Code     0  libinit2.o(.ARM.Collect$$libinit$$00000004)
    __rt_lib_init_atexit_1                   0x08000297   Thumb Code     0  libinit2.o(.ARM.Collect$$libinit$$0000001B)
    __rt_lib_init_clock_1                    0x08000297   Thumb Code     0  libinit2.o(.ARM.Collect$$libinit$$00000021)
    __rt_lib_init_fp_trap_1                  0x08000297   Thumb Code     0  libinit2.o(.ARM.Collect$$libinit$$0000001F)
    __rt_lib_init_getenv_1                   0x08000297   Thumb Code     0  libinit2.o(.ARM.Collect$$libinit$$00000023)
    __rt_lib_init_heap_1                     0x08000297   Thumb Code     0  libinit2.o(.ARM.Collect$$libinit$$0000000A)
    __rt_lib_init_lc_collate_1               0x08000297   Thumb Code     0  libinit2.o(.ARM.Collect$$libinit$$00000011)
    __rt_lib_init_lc_ctype_1                 0x08000297   Thumb Code     0  libinit2.o(.ARM.Collect$$libinit$$00000013)
    __rt_lib_init_lc_monetary_1              0x08000297   Thumb Code     0  libinit2.o(.ARM.Collect$$libinit$$00000015)
    __rt_lib_init_lc_numeric_1               0x08000297   Thumb Code     0  libinit2.o(.ARM.Collect$$libinit$$00000017)
    __rt_lib_init_lc_time_1                  0x08000297   Thumb Code     0  libinit2.o(.ARM.Collect$$libinit$$00000019)
    __rt_lib_init_rand_1                     0x08000297   Thumb Code     0  libinit2.o(.ARM.Collect$$libinit$$0000000E)
    __rt_lib_init_signal_1                   0x08000297   Thumb Code     0  libinit2.o(.ARM.Collect$$libinit$$0000001D)
    __rt_lib_init_stdio_2                    0x08000297   Thumb Code     0  libinit2.o(.ARM.Collect$$libinit$$00000024)
    __rt_lib_init_user_alloc_1               0x08000297   Thumb Code     0  libinit2.o(.ARM.Collect$$libinit$$0000000C)
    __rt_lib_init_alloca_1                   0x0800029b   Thumb Code     0  libinit2.o(.ARM.Collect$$libinit$$0000002E)
    __rt_lib_init_argv_1                     0x0800029b   Thumb Code     0  libinit2.o(.ARM.Collect$$libinit$$0000002C)
    __rt_lib_init_cpp_1                      0x0800029b   Thumb Code     0  libinit2.o(.ARM.Collect$$libinit$$00000032)
    __rt_lib_init_exceptions_1               0x0800029b   Thumb Code     0  libinit2.o(.ARM.Collect$$libinit$$00000030)
    __rt_lib_init_return                     0x0800029b   Thumb Code     0  libinit2.o(.ARM.Collect$$libinit$$00000033)
    __rt_lib_init_stdio_1                    0x0800029b   Thumb Code     0  libinit2.o(.ARM.Collect$$libinit$$00000025)
    __rt_lib_shutdown                        0x0800029d   Thumb Code     0  libshutdown.o(.ARM.Collect$$libshutdown$$00000000)
    __rt_lib_shutdown_cpp_1                  0x0800029f   Thumb Code     0  libshutdown2.o(.ARM.Collect$$libshutdown$$00000004)
    __rt_lib_shutdown_fini_1                 0x0800029f   Thumb Code     0  libshutdown2.o(.ARM.Collect$$libshutdown$$00000002)
    __rt_lib_shutdown_stdio_2                0x0800029f   Thumb Code     0  libshutdown2.o(.ARM.Collect$$libshutdown$$00000005)
    __rt_lib_shutdown_fp_trap_1              0x080002a3   Thumb Code     0  libshutdown2.o(.ARM.Collect$$libshutdown$$00000009)
    __rt_lib_shutdown_heap_1                 0x080002a3   Thumb Code     0  libshutdown2.o(.ARM.Collect$$libshutdown$$00000011)
    __rt_lib_shutdown_return                 0x080002a3   Thumb Code     0  libshutdown2.o(.ARM.Collect$$libshutdown$$00000012)
    __rt_lib_shutdown_signal_1               0x080002a3   Thumb Code     0  libshutdown2.o(.ARM.Collect$$libshutdown$$0000000C)
    __rt_lib_shutdown_stdio_1                0x080002a3   Thumb Code     0  libshutdown2.o(.ARM.Collect$$libshutdown$$00000006)
    __rt_lib_shutdown_user_alloc_1           0x080002a3   Thumb Code     0  libshutdown2.o(.ARM.Collect$$libshutdown$$0000000E)
    __rt_entry                               0x080002a5   Thumb Code     0  __rtentry.o(.ARM.Collect$$rtentry$$00000000)
    __rt_entry_presh_1                       0x080002a5   Thumb Code     0  __rtentry2.o(.ARM.Collect$$rtentry$$00000002)
    __rt_entry_sh                            0x080002a5   Thumb Code     0  __rtentry4.o(.ARM.Collect$$rtentry$$00000004)
    __rt_entry_li                            0x080002ab   Thumb Code     0  __rtentry2.o(.ARM.Collect$$rtentry$$0000000A)
    __rt_entry_postsh_1                      0x080002ab   Thumb Code     0  __rtentry2.o(.ARM.Collect$$rtentry$$00000009)
    __rt_entry_main                          0x080002af   Thumb Code     0  __rtentry2.o(.ARM.Collect$$rtentry$$0000000D)
    __rt_entry_postli_1                      0x080002af   Thumb Code     0  __rtentry2.o(.ARM.Collect$$rtentry$$0000000C)
    __rt_exit                                0x080002b7   Thumb Code     0  rtexit.o(.ARM.Collect$$rtexit$$00000000)
    __rt_exit_ls                             0x080002b9   Thumb Code     0  rtexit2.o(.ARM.Collect$$rtexit$$00000003)
    __rt_exit_prels_1                        0x080002b9   Thumb Code     0  rtexit2.o(.ARM.Collect$$rtexit$$00000002)
    __rt_exit_exit                           0x080002bd   Thumb Code     0  rtexit2.o(.ARM.Collect$$rtexit$$00000004)
    Reset_Handler                            0x080002c5   Thumb Code     8  startup_stm32f767xx.o(.text)
    _maybe_terminate_alloc                   0x080002c5   Thumb Code     0  maybetermalloc1.o(.emb_text)
    ADC_IRQHandler                           0x080002df   Thumb Code     0  startup_stm32f767xx.o(.text)
    CAN1_RX0_IRQHandler                      0x080002df   Thumb Code     0  startup_stm32f767xx.o(.text)
    CAN1_RX1_IRQHandler                      0x080002df   Thumb Code     0  startup_stm32f767xx.o(.text)
    CAN1_SCE_IRQHandler                      0x080002df   Thumb Code     0  startup_stm32f767xx.o(.text)
    CAN1_TX_IRQHandler                       0x080002df   Thumb Code     0  startup_stm32f767xx.o(.text)
    CAN2_RX0_IRQHandler                      0x080002df   Thumb Code     0  startup_stm32f767xx.o(.text)
    CAN2_RX1_IRQHandler                      0x080002df   Thumb Code     0  startup_stm32f767xx.o(.text)
    CAN2_SCE_IRQHandler                      0x080002df   Thumb Code     0  startup_stm32f767xx.o(.text)
    CAN2_TX_IRQHandler                       0x080002df   Thumb Code     0  startup_stm32f767xx.o(.text)
    CAN3_RX0_IRQHandler                      0x080002df   Thumb Code     0  startup_stm32f767xx.o(.text)
    CAN3_RX1_IRQHandler                      0x080002df   Thumb Code     0  startup_stm32f767xx.o(.text)
    CAN3_SCE_IRQHandler                      0x080002df   Thumb Code     0  startup_stm32f767xx.o(.text)
    CAN3_TX_IRQHandler                       0x080002df   Thumb Code     0  startup_stm32f767xx.o(.text)
    CEC_IRQHandler                           0x080002df   Thumb Code     0  startup_stm32f767xx.o(.text)
    DCMI_IRQHandler                          0x080002df   Thumb Code     0  startup_stm32f767xx.o(.text)
    DFSDM1_FLT0_IRQHandler                   0x080002df   Thumb Code     0  startup_stm32f767xx.o(.text)
    DFSDM1_FLT1_IRQHandler                   0x080002df   Thumb Code     0  startup_stm32f767xx.o(.text)
    DFSDM1_FLT2_IRQHandler                   0x080002df   Thumb Code     0  startup_stm32f767xx.o(.text)
    DFSDM1_FLT3_IRQHandler                   0x080002df   Thumb Code     0  startup_stm32f767xx.o(.text)
    DMA1_Stream0_IRQHandler                  0x080002df   Thumb Code     0  startup_stm32f767xx.o(.text)
    DMA1_Stream1_IRQHandler                  0x080002df   Thumb Code     0  startup_stm32f767xx.o(.text)
    DMA1_Stream2_IRQHandler                  0x080002df   Thumb Code     0  startup_stm32f767xx.o(.text)
    DMA1_Stream3_IRQHandler                  0x080002df   Thumb Code     0  startup_stm32f767xx.o(.text)
    DMA1_Stream4_IRQHandler                  0x080002df   Thumb Code     0  startup_stm32f767xx.o(.text)
    DMA1_Stream5_IRQHandler                  0x080002df   Thumb Code     0  startup_stm32f767xx.o(.text)
    DMA1_Stream6_IRQHandler                  0x080002df   Thumb Code     0  startup_stm32f767xx.o(.text)
    DMA1_Stream7_IRQHandler                  0x080002df   Thumb Code     0  startup_stm32f767xx.o(.text)
    DMA2D_IRQHandler                         0x080002df   Thumb Code     0  startup_stm32f767xx.o(.text)
    DMA2_Stream0_IRQHandler                  0x080002df   Thumb Code     0  startup_stm32f767xx.o(.text)
    DMA2_Stream1_IRQHandler                  0x080002df   Thumb Code     0  startup_stm32f767xx.o(.text)
    DMA2_Stream2_IRQHandler                  0x080002df   Thumb Code     0  startup_stm32f767xx.o(.text)
    DMA2_Stream3_IRQHandler                  0x080002df   Thumb Code     0  startup_stm32f767xx.o(.text)
    DMA2_Stream4_IRQHandler                  0x080002df   Thumb Code     0  startup_stm32f767xx.o(.text)
    DMA2_Stream5_IRQHandler                  0x080002df   Thumb Code     0  startup_stm32f767xx.o(.text)
    DMA2_Stream6_IRQHandler                  0x080002df   Thumb Code     0  startup_stm32f767xx.o(.text)
    DMA2_Stream7_IRQHandler                  0x080002df   Thumb Code     0  startup_stm32f767xx.o(.text)
    ETH_IRQHandler                           0x080002df   Thumb Code     0  startup_stm32f767xx.o(.text)
    ETH_WKUP_IRQHandler                      0x080002df   Thumb Code     0  startup_stm32f767xx.o(.text)
    EXTI0_IRQHandler                         0x080002df   Thumb Code     0  startup_stm32f767xx.o(.text)
    EXTI15_10_IRQHandler                     0x080002df   Thumb Code     0  startup_stm32f767xx.o(.text)
    EXTI1_IRQHandler                         0x080002df   Thumb Code     0  startup_stm32f767xx.o(.text)
    EXTI2_IRQHandler                         0x080002df   Thumb Code     0  startup_stm32f767xx.o(.text)
    EXTI3_IRQHandler                         0x080002df   Thumb Code     0  startup_stm32f767xx.o(.text)
    EXTI4_IRQHandler                         0x080002df   Thumb Code     0  startup_stm32f767xx.o(.text)
    EXTI9_5_IRQHandler                       0x080002df   Thumb Code     0  startup_stm32f767xx.o(.text)
    FLASH_IRQHandler                         0x080002df   Thumb Code     0  startup_stm32f767xx.o(.text)
    FMC_IRQHandler                           0x080002df   Thumb Code     0  startup_stm32f767xx.o(.text)
    FPU_IRQHandler                           0x080002df   Thumb Code     0  startup_stm32f767xx.o(.text)
    I2C1_ER_IRQHandler                       0x080002df   Thumb Code     0  startup_stm32f767xx.o(.text)
    I2C1_EV_IRQHandler                       0x080002df   Thumb Code     0  startup_stm32f767xx.o(.text)
    I2C2_ER_IRQHandler                       0x080002df   Thumb Code     0  startup_stm32f767xx.o(.text)
    I2C2_EV_IRQHandler                       0x080002df   Thumb Code     0  startup_stm32f767xx.o(.text)
    I2C3_ER_IRQHandler                       0x080002df   Thumb Code     0  startup_stm32f767xx.o(.text)
    I2C3_EV_IRQHandler                       0x080002df   Thumb Code     0  startup_stm32f767xx.o(.text)
    I2C4_ER_IRQHandler                       0x080002df   Thumb Code     0  startup_stm32f767xx.o(.text)
    I2C4_EV_IRQHandler                       0x080002df   Thumb Code     0  startup_stm32f767xx.o(.text)
    JPEG_IRQHandler                          0x080002df   Thumb Code     0  startup_stm32f767xx.o(.text)
    LPTIM1_IRQHandler                        0x080002df   Thumb Code     0  startup_stm32f767xx.o(.text)
    LTDC_ER_IRQHandler                       0x080002df   Thumb Code     0  startup_stm32f767xx.o(.text)
    LTDC_IRQHandler                          0x080002df   Thumb Code     0  startup_stm32f767xx.o(.text)
    MDIOS_IRQHandler                         0x080002df   Thumb Code     0  startup_stm32f767xx.o(.text)
    OTG_FS_IRQHandler                        0x080002df   Thumb Code     0  startup_stm32f767xx.o(.text)
    OTG_FS_WKUP_IRQHandler                   0x080002df   Thumb Code     0  startup_stm32f767xx.o(.text)
    OTG_HS_EP1_IN_IRQHandler                 0x080002df   Thumb Code     0  startup_stm32f767xx.o(.text)
    OTG_HS_EP1_OUT_IRQHandler                0x080002df   Thumb Code     0  startup_stm32f767xx.o(.text)
    OTG_HS_IRQHandler                        0x080002df   Thumb Code     0  startup_stm32f767xx.o(.text)
    OTG_HS_WKUP_IRQHandler                   0x080002df   Thumb Code     0  startup_stm32f767xx.o(.text)
    PVD_IRQHandler                           0x080002df   Thumb Code     0  startup_stm32f767xx.o(.text)
    QUADSPI_IRQHandler                       0x080002df   Thumb Code     0  startup_stm32f767xx.o(.text)
    RCC_IRQHandler                           0x080002df   Thumb Code     0  startup_stm32f767xx.o(.text)
    RNG_IRQHandler                           0x080002df   Thumb Code     0  startup_stm32f767xx.o(.text)
    RTC_Alarm_IRQHandler                     0x080002df   Thumb Code     0  startup_stm32f767xx.o(.text)
    RTC_WKUP_IRQHandler                      0x080002df   Thumb Code     0  startup_stm32f767xx.o(.text)
    SAI1_IRQHandler                          0x080002df   Thumb Code     0  startup_stm32f767xx.o(.text)
    SAI2_IRQHandler                          0x080002df   Thumb Code     0  startup_stm32f767xx.o(.text)
    SDMMC1_IRQHandler                        0x080002df   Thumb Code     0  startup_stm32f767xx.o(.text)
    SDMMC2_IRQHandler                        0x080002df   Thumb Code     0  startup_stm32f767xx.o(.text)
    SPDIF_RX_IRQHandler                      0x080002df   Thumb Code     0  startup_stm32f767xx.o(.text)
    SPI1_IRQHandler                          0x080002df   Thumb Code     0  startup_stm32f767xx.o(.text)
    SPI2_IRQHandler                          0x080002df   Thumb Code     0  startup_stm32f767xx.o(.text)
    SPI3_IRQHandler                          0x080002df   Thumb Code     0  startup_stm32f767xx.o(.text)
    SPI4_IRQHandler                          0x080002df   Thumb Code     0  startup_stm32f767xx.o(.text)
    SPI5_IRQHandler                          0x080002df   Thumb Code     0  startup_stm32f767xx.o(.text)
    SPI6_IRQHandler                          0x080002df   Thumb Code     0  startup_stm32f767xx.o(.text)
    TAMP_STAMP_IRQHandler                    0x080002df   Thumb Code     0  startup_stm32f767xx.o(.text)
    TIM1_BRK_TIM9_IRQHandler                 0x080002df   Thumb Code     0  startup_stm32f767xx.o(.text)
    TIM1_CC_IRQHandler                       0x080002df   Thumb Code     0  startup_stm32f767xx.o(.text)
    TIM1_TRG_COM_TIM11_IRQHandler            0x080002df   Thumb Code     0  startup_stm32f767xx.o(.text)
    TIM1_UP_TIM10_IRQHandler                 0x080002df   Thumb Code     0  startup_stm32f767xx.o(.text)
    TIM2_IRQHandler                          0x080002df   Thumb Code     0  startup_stm32f767xx.o(.text)
    TIM3_IRQHandler                          0x080002df   Thumb Code     0  startup_stm32f767xx.o(.text)
    TIM4_IRQHandler                          0x080002df   Thumb Code     0  startup_stm32f767xx.o(.text)
    TIM5_IRQHandler                          0x080002df   Thumb Code     0  startup_stm32f767xx.o(.text)
    TIM6_DAC_IRQHandler                      0x080002df   Thumb Code     0  startup_stm32f767xx.o(.text)
    TIM7_IRQHandler                          0x080002df   Thumb Code     0  startup_stm32f767xx.o(.text)
    TIM8_BRK_TIM12_IRQHandler                0x080002df   Thumb Code     0  startup_stm32f767xx.o(.text)
    TIM8_CC_IRQHandler                       0x080002df   Thumb Code     0  startup_stm32f767xx.o(.text)
    TIM8_TRG_COM_TIM14_IRQHandler            0x080002df   Thumb Code     0  startup_stm32f767xx.o(.text)
    TIM8_UP_TIM13_IRQHandler                 0x080002df   Thumb Code     0  startup_stm32f767xx.o(.text)
    UART4_IRQHandler                         0x080002df   Thumb Code     0  startup_stm32f767xx.o(.text)
    UART5_IRQHandler                         0x080002df   Thumb Code     0  startup_stm32f767xx.o(.text)
    UART7_IRQHandler                         0x080002df   Thumb Code     0  startup_stm32f767xx.o(.text)
    UART8_IRQHandler                         0x080002df   Thumb Code     0  startup_stm32f767xx.o(.text)
    USART1_IRQHandler                        0x080002df   Thumb Code     0  startup_stm32f767xx.o(.text)
    USART2_IRQHandler                        0x080002df   Thumb Code     0  startup_stm32f767xx.o(.text)
    USART3_IRQHandler                        0x080002df   Thumb Code     0  startup_stm32f767xx.o(.text)
    USART6_IRQHandler                        0x080002df   Thumb Code     0  startup_stm32f767xx.o(.text)
    WWDG_IRQHandler                          0x080002df   Thumb Code     0  startup_stm32f767xx.o(.text)
    __user_initial_stackheap                 0x080002e1   Thumb Code     0  startup_stm32f767xx.o(.text)
    __aeabi_uldivmod                         0x08000305   Thumb Code     0  lludivv7m.o(.text)
    _ll_udiv                                 0x08000305   Thumb Code   238  lludivv7m.o(.text)
    __2printf                                0x080003f5   Thumb Code    20  noretval__2printf.o(.text)
    __2sprintf                               0x0800040d   Thumb Code    34  noretval__2sprintf.o(.text)
    _printf_str                              0x08000435   Thumb Code    82  _printf_str.o(.text)
    _printf_int_dec                          0x08000489   Thumb Code   104  _printf_dec.o(.text)
    _printf_int_hex                          0x08000501   Thumb Code    84  _printf_hex_int.o(.text)
    _printf_longlong_hex                     0x08000501   Thumb Code     0  _printf_hex_int.o(.text)
    __printf                                 0x08000559   Thumb Code   184  __printf_ss.o(.text)
    memcmp                                   0x08000611   Thumb Code    88  memcmp.o(.text)
    strlen                                   0x08000669   Thumb Code    62  strlen.o(.text)
    __aeabi_memclr                           0x080006a7   Thumb Code     0  rt_memclr.o(.text)
    __rt_memclr                              0x080006a7   Thumb Code    68  rt_memclr.o(.text)
    _memset                                  0x080006ab   Thumb Code     0  rt_memclr.o(.text)
    __aeabi_memclr4                          0x080006eb   Thumb Code     0  rt_memclr_w.o(.text)
    __aeabi_memclr8                          0x080006eb   Thumb Code     0  rt_memclr_w.o(.text)
    __rt_memclr_w                            0x080006eb   Thumb Code    78  rt_memclr_w.o(.text)
    _memset_w                                0x080006ef   Thumb Code     0  rt_memclr_w.o(.text)
    strcmp                                   0x08000739   Thumb Code   104  strcmpv7m_pel.o(.text)
    __use_two_region_memory                  0x080007a1   Thumb Code     2  heapauxi.o(.text)
    __rt_heap_escrow                         0x080007a3   Thumb Code     2  heapauxi.o(.text)
    __rt_heap_expand                         0x080007a5   Thumb Code     2  heapauxi.o(.text)
    _printf_int_common                       0x080007a7   Thumb Code   178  _printf_intcommon.o(.text)
    _printf_char_common                      0x08000863   Thumb Code    32  _printf_char_common.o(.text)
    _sputc                                   0x08000889   Thumb Code    10  _sputc.o(.text)
    _printf_cs_common                        0x08000893   Thumb Code    20  _printf_char.o(.text)
    _printf_char                             0x080008a7   Thumb Code    16  _printf_char.o(.text)
    _printf_string                           0x080008b7   Thumb Code     8  _printf_char.o(.text)
    _printf_char_file                        0x080008c1   Thumb Code    32  _printf_char_file.o(.text)
    ferror                                   0x080008e5   Thumb Code     8  ferror.o(.text)
    _initio                                  0x080008ed   Thumb Code   210  initio.o(.text)
    _terminateio                             0x080009bf   Thumb Code    56  initio.o(.text)
    __user_setup_stackheap                   0x08000a25   Thumb Code    74  sys_stackheap_outer.o(.text)
    free                                     0x08000a6f   Thumb Code    78  h1_free.o(.text)
    __flsbuf                                 0x08000abd   Thumb Code   470  flsbuf.o(.text)
    __flsbuf_byte                            0x08000abd   Thumb Code     0  flsbuf.o(.text)
    __flsbuf_wide                            0x08000abd   Thumb Code     0  flsbuf.o(.text)
    setvbuf                                  0x08000c93   Thumb Code    70  setvbuf.o(.text)
    freopen                                  0x08000cd9   Thumb Code   158  fopen.o(.text)
    fopen                                    0x08000d77   Thumb Code    74  fopen.o(.text)
    _fclose_internal                         0x08000dc5   Thumb Code    76  fclose.o(.text)
    fclose                                   0x08000dc5   Thumb Code     0  fclose.o(.text)
    exit                                     0x08000e11   Thumb Code    18  exit.o(.text)
    __rt_SIGRTRED                            0x08000e23   Thumb Code    14  defsig_rtred_outer.o(.text)
    __user_libspace                          0x08000e31   Thumb Code     8  libspace.o(.text)
    __user_perproc_libspace                  0x08000e31   Thumb Code     0  libspace.o(.text)
    __user_perthread_libspace                0x08000e31   Thumb Code     0  libspace.o(.text)
    __rt_heap_descriptor                     0x08000e39   Thumb Code     8  rt_heap_descriptor_intlibspace.o(.text)
    __use_no_heap                            0x08000e41   Thumb Code     2  hguard.o(.text)
    __heap$guard                             0x08000e43   Thumb Code     2  hguard.o(.text)
    _terminate_user_alloc                    0x08000e45   Thumb Code     2  init_alloc.o(.text)
    _init_user_alloc                         0x08000e47   Thumb Code     2  init_alloc.o(.text)
    __Heap_Full                              0x08000e49   Thumb Code    34  init_alloc.o(.text)
    __Heap_Broken                            0x08000e6b   Thumb Code     6  init_alloc.o(.text)
    _init_alloc                              0x08000e71   Thumb Code    94  init_alloc.o(.text)
    malloc                                   0x08000ecf   Thumb Code    94  h1_alloc.o(.text)
    _fseek                                   0x08000f2d   Thumb Code   242  fseek.o(.text)
    fseek                                    0x08000f2d   Thumb Code     0  fseek.o(.text)
    _seterr                                  0x08001025   Thumb Code    20  stdio.o(.text)
    _writebuf                                0x08001039   Thumb Code    84  stdio.o(.text)
    _fflush                                  0x0800108d   Thumb Code    70  stdio.o(.text)
    _deferredlazyseek                        0x080010d3   Thumb Code    60  stdio.o(.text)
    __sig_exit                               0x08001115   Thumb Code    10  defsig_exit.o(.text)
    __rt_SIGRTRED_inner                      0x08001121   Thumb Code    14  defsig_rtred_inner.o(.text)
    _sys_exit                                0x08001155   Thumb Code     8  sys_exit.o(.text)
    __Heap_Initialize                        0x08001161   Thumb Code    10  h1_init.o(.text)
    __Heap_DescSize                          0x0800116b   Thumb Code     4  h1_init.o(.text)
    __Heap_ProvideMemory                     0x0800116f   Thumb Code    52  h1_extend.o(.text)
    _ftell_internal                          0x080011a3   Thumb Code    66  ftell.o(.text)
    ftell                                    0x080011a3   Thumb Code     0  ftell.o(.text)
    __default_signal_display                 0x080011e5   Thumb Code    50  defsig_general.o(.text)
    __rt_SIGRTMEM                            0x08001217   Thumb Code    14  defsig_rtmem_outer.o(.text)
    _ttywrch                                 0x08001225   Thumb Code    14  sys_wrch.o(.text)
    __I$use$semihosting                      0x08001233   Thumb Code     0  use_no_semi.o(.text)
    __use_no_semihosting_swi                 0x08001233   Thumb Code     2  use_no_semi.o(.text)
    __aeabi_errno_addr                       0x08001235   Thumb Code     8  rt_errno_addr_intlibspace.o(.text)
    __errno$intlibspace                      0x08001235   Thumb Code     0  rt_errno_addr_intlibspace.o(.text)
    __rt_errno_addr$intlibspace              0x08001235   Thumb Code     0  rt_errno_addr_intlibspace.o(.text)
    __semihosting_library_function           0x08001235   Thumb Code     0  indicate_semi.o(.text)
    __rt_SIGRTMEM_inner                      0x0800123d   Thumb Code    22  defsig_rtmem_inner.o(.text)
    BusFault_Handler                         0x0800128d   Thumb Code     2  stm32f7xx_it.o(i.BusFault_Handler)
    DebugMon_Handler                         0x0800128f   Thumb Code     2  stm32f7xx_it.o(i.DebugMon_Handler)
    Error_Handler                            0x08001291   Thumb Code     4  main.o(i.Error_Handler)
    HAL_Delay                                0x08001295   Thumb Code    32  stm32f7xx_hal.o(i.HAL_Delay)
    HAL_GPIO_Init                            0x080012b9   Thumb Code   530  stm32f7xx_hal_gpio.o(i.HAL_GPIO_Init)
    HAL_GPIO_TogglePin                       0x08001501   Thumb Code    16  stm32f7xx_hal_gpio.o(i.HAL_GPIO_TogglePin)
    HAL_GPIO_WritePin                        0x08001511   Thumb Code    10  stm32f7xx_hal_gpio.o(i.HAL_GPIO_WritePin)
    HAL_GetTick                              0x0800151d   Thumb Code     6  stm32f7xx_hal.o(i.HAL_GetTick)
    HAL_I2CEx_ConfigAnalogFilter             0x08001529   Thumb Code    88  stm32f7xx_hal_i2c_ex.o(i.HAL_I2CEx_ConfigAnalogFilter)
    HAL_I2CEx_ConfigDigitalFilter            0x08001581   Thumb Code    84  stm32f7xx_hal_i2c_ex.o(i.HAL_I2CEx_ConfigDigitalFilter)
    HAL_I2C_Init                             0x080015d5   Thumb Code   180  stm32f7xx_hal_i2c.o(i.HAL_I2C_Init)
    HAL_I2C_Master_Transmit                  0x0800168d   Thumb Code   282  stm32f7xx_hal_i2c.o(i.HAL_I2C_Master_Transmit)
    HAL_I2C_MspInit                          0x080017b1   Thumb Code   120  stm32f7xx_hal_msp.o(i.HAL_I2C_MspInit)
    HAL_IncTick                              0x08001835   Thumb Code    12  stm32f7xx_hal.o(i.HAL_IncTick)
    HAL_Init                                 0x08001845   Thumb Code    22  stm32f7xx_hal.o(i.HAL_Init)
    HAL_InitTick                             0x0800185d   Thumb Code    54  stm32f7xx_hal.o(i.HAL_InitTick)
    HAL_MPU_ConfigRegion                     0x0800189d   Thumb Code    86  stm32f7xx_hal_cortex.o(i.HAL_MPU_ConfigRegion)
    HAL_MPU_Disable                          0x080018f9   Thumb Code    24  stm32f7xx_hal_cortex.o(i.HAL_MPU_Disable)
    HAL_MPU_Enable                           0x08001915   Thumb Code    30  stm32f7xx_hal_cortex.o(i.HAL_MPU_Enable)
    HAL_MspInit                              0x08001939   Thumb Code    42  stm32f7xx_hal_msp.o(i.HAL_MspInit)
    HAL_NVIC_SetPriority                     0x08001969   Thumb Code    60  stm32f7xx_hal_cortex.o(i.HAL_NVIC_SetPriority)
    HAL_NVIC_SetPriorityGrouping             0x080019a9   Thumb Code    28  stm32f7xx_hal_cortex.o(i.HAL_NVIC_SetPriorityGrouping)
    HAL_PWREx_EnableOverDrive                0x080019cd   Thumb Code   100  stm32f7xx_hal_pwr_ex.o(i.HAL_PWREx_EnableOverDrive)
    HAL_PWR_EnableBkUpAccess                 0x08001a39   Thumb Code    12  stm32f7xx_hal_pwr.o(i.HAL_PWR_EnableBkUpAccess)
    HAL_RCCEx_PeriphCLKConfig                0x08001a49   Thumb Code  1336  stm32f7xx_hal_rcc_ex.o(i.HAL_RCCEx_PeriphCLKConfig)
    HAL_RCC_ClockConfig                      0x08001f85   Thumb Code   284  stm32f7xx_hal_rcc.o(i.HAL_RCC_ClockConfig)
    HAL_RCC_GetSysClockFreq                  0x080020b5   Thumb Code    88  stm32f7xx_hal_rcc.o(i.HAL_RCC_GetSysClockFreq)
    HAL_RCC_OscConfig                        0x08002119   Thumb Code   906  stm32f7xx_hal_rcc.o(i.HAL_RCC_OscConfig)
    HAL_SPI_Init                             0x080024b1   Thumb Code   242  stm32f7xx_hal_spi.o(i.HAL_SPI_Init)
    HAL_SPI_MspInit                          0x080025a5   Thumb Code   172  stm32f7xx_hal_msp.o(i.HAL_SPI_MspInit)
    HAL_SPI_Receive                          0x08002669   Thumb Code   396  stm32f7xx_hal_spi.o(i.HAL_SPI_Receive)
    HAL_SPI_Transmit                         0x080027f5   Thumb Code   390  stm32f7xx_hal_spi.o(i.HAL_SPI_Transmit)
    HAL_SPI_TransmitReceive                  0x0800297b   Thumb Code   608  stm32f7xx_hal_spi.o(i.HAL_SPI_TransmitReceive)
    HAL_SYSTICK_Config                       0x08002bdb   Thumb Code    38  stm32f7xx_hal_cortex.o(i.HAL_SYSTICK_Config)
    HardFault_Handler                        0x08002c01   Thumb Code     2  stm32f7xx_it.o(i.HardFault_Handler)
    ITM_SendChar                             0x08002e71   Thumb Code    32  retarget_io.o(i.ITM_SendChar)
    MemManage_Handler                        0x0800300d   Thumb Code     2  stm32f7xx_it.o(i.MemManage_Handler)
    NMI_Handler                              0x0800300f   Thumb Code     2  stm32f7xx_it.o(i.NMI_Handler)
    PendSV_Handler                           0x08003011   Thumb Code     2  stm32f7xx_it.o(i.PendSV_Handler)
    SSD1306_COMMAND                          0x080032d5   Thumb Code    28  ssd1306.o(i.SSD1306_COMMAND)
    SSD1306_INIT                             0x080032f5   Thumb Code   162  ssd1306.o(i.SSD1306_INIT)
    SSD1306_RESET                            0x08003397   Thumb Code   210  ssd1306.o(i.SSD1306_RESET)
    SVC_Handler                              0x08003469   Thumb Code     2  stm32f7xx_it.o(i.SVC_Handler)
    SysTick_Handler                          0x0800346b   Thumb Code     4  stm32f7xx_it.o(i.SysTick_Handler)
    SystemClock_Config                       0x08003471   Thumb Code   156  main.o(i.SystemClock_Config)
    SystemInit                               0x08003515   Thumb Code    12  system_stm32f7xx.o(i.SystemInit)
    UsageFault_Handler                       0x08003525   Thumb Code     2  stm32f7xx_it.o(i.UsageFault_Handler)
    W5500_ReadBuff                           0x08003529   Thumb Code    14  main.o(i.W5500_ReadBuff)
    W5500_ReadByte                           0x0800353d   Thumb Code    16  main.o(i.W5500_ReadByte)
    W5500_WriteBuff                          0x0800354d   Thumb Code    14  main.o(i.W5500_WriteBuff)
    W5500_WriteByte                          0x08003561   Thumb Code    12  main.o(i.W5500_WriteByte)
    W5500_reset                              0x0800356d   Thumb Code    46  main.o(i.W5500_reset)
    W5500_select                             0x080035a1   Thumb Code    12  main.o(i.W5500_select)
    W5500_unselect                           0x080035b1   Thumb Code    10  main.o(i.W5500_unselect)
    WIZCHIP_READ                             0x080035c1   Thumb Code    84  w5500.o(i.WIZCHIP_READ)
    WIZCHIP_READ_BUF                         0x08003619   Thumb Code   112  w5500.o(i.WIZCHIP_READ_BUF)
    WIZCHIP_WRITE                            0x0800368d   Thumb Code    90  w5500.o(i.WIZCHIP_WRITE)
    WIZCHIP_WRITE_BUF                        0x080036ed   Thumb Code   108  w5500.o(i.WIZCHIP_WRITE_BUF)
    _sys_close                               0x0800377f   Thumb Code    24  retarget_io.o(i._sys_close)
    _sys_flen                                0x08003797   Thumb Code    12  retarget_io.o(i._sys_flen)
    _sys_istty                               0x080037a3   Thumb Code    24  retarget_io.o(i._sys_istty)
    _sys_open                                0x080037bd   Thumb Code    68  retarget_io.o(i._sys_open)
    _sys_seek                                0x08003819   Thumb Code    10  retarget_io.o(i._sys_seek)
    _sys_write                               0x08003823   Thumb Code    60  retarget_io.o(i._sys_write)
    close                                    0x08003861   Thumb Code   108  socket.o(i.close)
    configNet                                0x080038d5   Thumb Code    34  main.o(i.configNet)
    ctlnetwork                               0x080038fd   Thumb Code    76  wizchip_conf.o(i.ctlnetwork)
    ctlwizchip                               0x08003949   Thumb Code   230  wizchip_conf.o(i.ctlwizchip)
    disconnect                               0x08003a35   Thumb Code   134  socket.o(i.disconnect)
    drawByte                                 0x08003ac1   Thumb Code    46  ssd1306.o(i.drawByte)
    drawHorizontalLine                       0x08003af5   Thumb Code    36  ssd1306.o(i.drawHorizontalLine)
    drawRectangle                            0x08003b1d   Thumb Code    58  ssd1306.o(i.drawRectangle)
    drawVerticalLine                         0x08003b5d   Thumb Code    36  ssd1306.o(i.drawVerticalLine)
    draw_pixel                               0x08003b85   Thumb Code    54  ssd1306.o(i.draw_pixel)
    fputc                                    0x08003bc1   Thumb Code    26  fputc.o(i.fputc)
    getSn_RX_RSR                             0x08003bdb   Thumb Code    76  w5500.o(i.getSn_RX_RSR)
    getSn_TX_FSR                             0x08003c27   Thumb Code    76  w5500.o(i.getSn_TX_FSR)
    getsockopt                               0x08003c75   Thumb Code   242  socket.o(i.getsockopt)
    listen                                   0x08003d71   Thumb Code   112  socket.o(i.listen)
    main                                     0x08003de1   Thumb Code   580  main.o(i.main)
    printChar                                0x080041c5   Thumb Code   120  ssd1306.o(i.printChar)
    printString                              0x08004241   Thumb Code    64  ssd1306.o(i.printString)
    recv                                     0x08004285   Thumb Code   224  socket.o(i.recv)
    reg_wizchip_cs_cbfunc                    0x08004369   Thumb Code    22  wizchip_conf.o(i.reg_wizchip_cs_cbfunc)
    reg_wizchip_spi_cbfunc                   0x0800438d   Thumb Code    30  wizchip_conf.o(i.reg_wizchip_spi_cbfunc)
    reg_wizchip_spiburst_cbfunc              0x080043b9   Thumb Code    30  wizchip_conf.o(i.reg_wizchip_spiburst_cbfunc)
    send                                     0x080043e5   Thumb Code   278  socket.o(i.send)
    setColor                                 0x08004501   Thumb Code     6  ssd1306.o(i.setColor)
    setCursor                                0x0800450d   Thumb Code     8  ssd1306.o(i.setCursor)
    setFont                                  0x08004519   Thumb Code    12  ssd1306.o(i.setFont)
    socket                                   0x08004529   Thumb Code   276  socket.o(i.socket)
    ssd1306_clear_display                    0x08004645   Thumb Code    10  ssd1306.o(i.ssd1306_clear_display)
    ssd1306_draw_display                     0x08004655   Thumb Code    66  ssd1306.o(i.ssd1306_draw_display)
    wiz_recv_data                            0x080046a1   Thumb Code    96  w5500.o(i.wiz_recv_data)
    wiz_send_data                            0x08004701   Thumb Code    96  w5500.o(i.wiz_send_data)
    wizchip_bus_readdata                     0x08004761   Thumb Code     4  wizchip_conf.o(i.wizchip_bus_readdata)
    wizchip_bus_writedata                    0x08004765   Thumb Code     4  wizchip_conf.o(i.wizchip_bus_writedata)
    wizchip_clrinterrupt                     0x08004769   Thumb Code    58  wizchip_conf.o(i.wizchip_clrinterrupt)
    wizchip_cris_enter                       0x080047a3   Thumb Code     2  wizchip_conf.o(i.wizchip_cris_enter)
    wizchip_cris_exit                        0x080047a5   Thumb Code     2  wizchip_conf.o(i.wizchip_cris_exit)
    wizchip_cs_deselect                      0x080047a7   Thumb Code     2  wizchip_conf.o(i.wizchip_cs_deselect)
    wizchip_cs_select                        0x080047a9   Thumb Code     2  wizchip_conf.o(i.wizchip_cs_select)
    wizchip_getinterrupt                     0x080047ab   Thumb Code    30  wizchip_conf.o(i.wizchip_getinterrupt)
    wizchip_getinterruptmask                 0x080047c9   Thumb Code    28  wizchip_conf.o(i.wizchip_getinterruptmask)
    wizchip_getnetinfo                       0x080047e5   Thumb Code    82  wizchip_conf.o(i.wizchip_getnetinfo)
    wizchip_getnetmode                       0x0800483d   Thumb Code     6  wizchip_conf.o(i.wizchip_getnetmode)
    wizchip_gettimeout                       0x08004843   Thumb Code    40  wizchip_conf.o(i.wizchip_gettimeout)
    wizchip_init                             0x0800486b   Thumb Code   122  wizchip_conf.o(i.wizchip_init)
    wizchip_setinterruptmask                 0x080048e5   Thumb Code    28  wizchip_conf.o(i.wizchip_setinterruptmask)
    wizchip_setnetinfo                       0x08004901   Thumb Code    82  wizchip_conf.o(i.wizchip_setnetinfo)
    wizchip_setnetmode                       0x08004959   Thumb Code    36  wizchip_conf.o(i.wizchip_setnetmode)
    wizchip_settimeout                       0x0800497d   Thumb Code    40  wizchip_conf.o(i.wizchip_settimeout)
    wizchip_spi_readburst                    0x080049a5   Thumb Code     2  wizchip_conf.o(i.wizchip_spi_readburst)
    wizchip_spi_readbyte                     0x080049a7   Thumb Code     4  wizchip_conf.o(i.wizchip_spi_readbyte)
    wizchip_spi_writeburst                   0x080049ab   Thumb Code     2  wizchip_conf.o(i.wizchip_spi_writeburst)
    wizchip_spi_writebyte                    0x080049ad   Thumb Code     2  wizchip_conf.o(i.wizchip_spi_writebyte)
    wizchip_sw_reset                         0x080049af   Thumb Code   116  wizchip_conf.o(i.wizchip_sw_reset)
    wizphy_getphyconf                        0x08004a23   Thumb Code    78  wizchip_conf.o(i.wizphy_getphyconf)
    wizphy_getphylink                        0x08004a71   Thumb Code    22  wizchip_conf.o(i.wizphy_getphylink)
    wizphy_getphypmode                       0x08004a87   Thumb Code    26  wizchip_conf.o(i.wizphy_getphypmode)
    wizphy_reset                             0x08004aa1   Thumb Code    42  wizchip_conf.o(i.wizphy_reset)
    wizphy_setphyconf                        0x08004acb   Thumb Code    74  wizchip_conf.o(i.wizphy_setphyconf)
    wizphy_setphypmode                       0x08004b15   Thumb Code    80  wizchip_conf.o(i.wizphy_setphypmode)
    _fp_init                                 0x08004b65   Thumb Code    10  fpinit.o(x$fpl$fpinit)
    __fplib_config_fpu_vfp                   0x08004b6d   Thumb Code     0  fpinit.o(x$fpl$fpinit)
    __fplib_config_pureend_doubles           0x08004b6d   Thumb Code     0  fpinit.o(x$fpl$fpinit)
    image_data_MonoFont1_6x13                0x08004b6e   Data        1536  main.o(.constdata)
    AHBPrescTable                            0x0800516e   Data          16  system_stm32f7xx.o(.constdata)
    __stdin_name                             0x0800517e   Data           7  retarget_io.o(.constdata)
    __stdout_name                            0x08005185   Data           8  retarget_io.o(.constdata)
    __stderr_name                            0x0800518d   Data           8  retarget_io.o(.constdata)
    Region$$Table$$Base                      0x080051c0   Number         0  anon$$obj.o(Region$$Table)
    Region$$Table$$Limit                     0x080051e0   Number         0  anon$$obj.o(Region$$Table)
    currentX                                 0x20000000   Data           2  ssd1306.o(.data)
    currentY                                 0x20000002   Data           2  ssd1306.o(.data)
    currentColor                             0x20000004   Data           2  ssd1306.o(.data)
    currentFont                              0x20000008   Data           8  ssd1306.o(.data)
    stat                                     0x20000010   Data           1  main.o(.data)
    MonoFont1_6x13                           0x20000014   Data           8  main.o(.data)
    uwTickFreq                               0x20000034   Data           1  stm32f7xx_hal.o(.data)
    uwTickPrio                               0x20000038   Data           4  stm32f7xx_hal.o(.data)
    uwTick                                   0x2000003c   Data           4  stm32f7xx_hal.o(.data)
    SystemCoreClock                          0x20000040   Data           4  system_stm32f7xx.o(.data)
    sock_pack_info                           0x2000004a   Data           8  socket.o(.data)
    WIZCHIP                                  0x2000005c   Data          44  wizchip_conf.o(.data)
    __aeabi_stdin                            0x20000088   Data           4  stdio_streams.o(.data)
    __aeabi_stdout                           0x2000008c   Data           4  stdio_streams.o(.data)
    __aeabi_stderr                           0x20000090   Data           4  stdio_streams.o(.data)
    hi2c1                                    0x20000494   Data          76  main.o(.bss)
    hspi1                                    0x200004e0   Data         100  main.o(.bss)
    hspi2                                    0x20000544   Data         100  main.o(.bss)
    Message                                  0x200005a8   Data         128  main.o(.bss)
    inputMessage                             0x20000628   Data         128  main.o(.bss)
    __stdin                                  0x200006b8   Data          84  stdio_streams.o(.bss)
    __stdout                                 0x2000070c   Data          84  stdio_streams.o(.bss)
    __stderr                                 0x20000760   Data          84  stdio_streams.o(.bss)
    __libspace_start                         0x200007b4   Data          96  libspace.o(.bss)
    __temporary_stack_top$libspace           0x20000814   Data           0  libspace.o(.bss)



==============================================================================

Memory Map of the image

  Image Entry point : 0x080001f9

  Load Region LR_IROM1 (Base: 0x08000000, Size: 0x00005274, Max: 0x00200000, ABSOLUTE)

    Execution Region ER_IROM1 (Exec base: 0x08000000, Load base: 0x08000000, Size: 0x000051e0, Max: 0x00200000, ABSOLUTE)

    Exec Addr    Load Addr    Size         Type   Attr      Idx    E Section Name        Object

    0x08000000   0x08000000   0x000001f8   Data   RO            3    RESET               startup_stm32f767xx.o
    0x080001f8   0x080001f8   0x00000008   Code   RO         3167  * !!!main             c_w.l(__main.o)
    0x08000200   0x08000200   0x00000034   Code   RO         3525    !!!scatter          c_w.l(__scatter.o)
    0x08000234   0x08000234   0x0000001a   Code   RO         3527    !!handler_copy      c_w.l(__scatter_copy.o)
    0x0800024e   0x0800024e   0x00000002   PAD
    0x08000250   0x08000250   0x0000001c   Code   RO         3529    !!handler_zi        c_w.l(__scatter_zi.o)
    0x0800026c   0x0800026c   0x00000000   Code   RO         3154    .ARM.Collect$$_printf_percent$$00000000  c_w.l(_printf_percent.o)
    0x0800026c   0x0800026c   0x00000006   Code   RO         3152    .ARM.Collect$$_printf_percent$$00000009  c_w.l(_printf_d.o)
    0x08000272   0x08000272   0x00000006   Code   RO         3153    .ARM.Collect$$_printf_percent$$0000000A  c_w.l(_printf_u.o)
    0x08000278   0x08000278   0x00000006   Code   RO         3151    .ARM.Collect$$_printf_percent$$0000000C  c_w.l(_printf_x.o)
    0x0800027e   0x0800027e   0x00000006   Code   RO         3150    .ARM.Collect$$_printf_percent$$00000014  c_w.l(_printf_s.o)
    0x08000284   0x08000284   0x00000004   Code   RO         3184    .ARM.Collect$$_printf_percent$$00000017  c_w.l(_printf_percent_end.o)
    0x08000288   0x08000288   0x00000002   Code   RO         3312    .ARM.Collect$$libinit$$00000000  c_w.l(libinit.o)
    0x0800028a   0x0800028a   0x00000004   Code   RO         3313    .ARM.Collect$$libinit$$00000001  c_w.l(libinit2.o)
    0x0800028e   0x0800028e   0x00000000   Code   RO         3316    .ARM.Collect$$libinit$$00000004  c_w.l(libinit2.o)
    0x0800028e   0x0800028e   0x00000008   Code   RO         3317    .ARM.Collect$$libinit$$00000005  c_w.l(libinit2.o)
    0x08000296   0x08000296   0x00000000   Code   RO         3319    .ARM.Collect$$libinit$$0000000A  c_w.l(libinit2.o)
    0x08000296   0x08000296   0x00000000   Code   RO         3321    .ARM.Collect$$libinit$$0000000C  c_w.l(libinit2.o)
    0x08000296   0x08000296   0x00000000   Code   RO         3323    .ARM.Collect$$libinit$$0000000E  c_w.l(libinit2.o)
    0x08000296   0x08000296   0x00000000   Code   RO         3326    .ARM.Collect$$libinit$$00000011  c_w.l(libinit2.o)
    0x08000296   0x08000296   0x00000000   Code   RO         3328    .ARM.Collect$$libinit$$00000013  c_w.l(libinit2.o)
    0x08000296   0x08000296   0x00000000   Code   RO         3330    .ARM.Collect$$libinit$$00000015  c_w.l(libinit2.o)
    0x08000296   0x08000296   0x00000000   Code   RO         3332    .ARM.Collect$$libinit$$00000017  c_w.l(libinit2.o)
    0x08000296   0x08000296   0x00000000   Code   RO         3334    .ARM.Collect$$libinit$$00000019  c_w.l(libinit2.o)
    0x08000296   0x08000296   0x00000000   Code   RO         3336    .ARM.Collect$$libinit$$0000001B  c_w.l(libinit2.o)
    0x08000296   0x08000296   0x00000000   Code   RO         3338    .ARM.Collect$$libinit$$0000001D  c_w.l(libinit2.o)
    0x08000296   0x08000296   0x00000000   Code   RO         3340    .ARM.Collect$$libinit$$0000001F  c_w.l(libinit2.o)
    0x08000296   0x08000296   0x00000000   Code   RO         3342    .ARM.Collect$$libinit$$00000021  c_w.l(libinit2.o)
    0x08000296   0x08000296   0x00000000   Code   RO         3344    .ARM.Collect$$libinit$$00000023  c_w.l(libinit2.o)
    0x08000296   0x08000296   0x00000004   Code   RO         3345    .ARM.Collect$$libinit$$00000024  c_w.l(libinit2.o)
    0x0800029a   0x0800029a   0x00000000   Code   RO         3346    .ARM.Collect$$libinit$$00000025  c_w.l(libinit2.o)
    0x0800029a   0x0800029a   0x00000000   Code   RO         3350    .ARM.Collect$$libinit$$0000002C  c_w.l(libinit2.o)
    0x0800029a   0x0800029a   0x00000000   Code   RO         3352    .ARM.Collect$$libinit$$0000002E  c_w.l(libinit2.o)
    0x0800029a   0x0800029a   0x00000000   Code   RO         3354    .ARM.Collect$$libinit$$00000030  c_w.l(libinit2.o)
    0x0800029a   0x0800029a   0x00000000   Code   RO         3356    .ARM.Collect$$libinit$$00000032  c_w.l(libinit2.o)
    0x0800029a   0x0800029a   0x00000002   Code   RO         3357    .ARM.Collect$$libinit$$00000033  c_w.l(libinit2.o)
    0x0800029c   0x0800029c   0x00000002   Code   RO         3506    .ARM.Collect$$libshutdown$$00000000  c_w.l(libshutdown.o)
    0x0800029e   0x0800029e   0x00000000   Code   RO         3359    .ARM.Collect$$libshutdown$$00000002  c_w.l(libshutdown2.o)
    0x0800029e   0x0800029e   0x00000000   Code   RO         3361    .ARM.Collect$$libshutdown$$00000004  c_w.l(libshutdown2.o)
    0x0800029e   0x0800029e   0x00000004   Code   RO         3362    .ARM.Collect$$libshutdown$$00000005  c_w.l(libshutdown2.o)
    0x080002a2   0x080002a2   0x00000000   Code   RO         3363    .ARM.Collect$$libshutdown$$00000006  c_w.l(libshutdown2.o)
    0x080002a2   0x080002a2   0x00000000   Code   RO         3366    .ARM.Collect$$libshutdown$$00000009  c_w.l(libshutdown2.o)
    0x080002a2   0x080002a2   0x00000000   Code   RO         3369    .ARM.Collect$$libshutdown$$0000000C  c_w.l(libshutdown2.o)
    0x080002a2   0x080002a2   0x00000000   Code   RO         3371    .ARM.Collect$$libshutdown$$0000000E  c_w.l(libshutdown2.o)
    0x080002a2   0x080002a2   0x00000000   Code   RO         3374    .ARM.Collect$$libshutdown$$00000011  c_w.l(libshutdown2.o)
    0x080002a2   0x080002a2   0x00000002   Code   RO         3375    .ARM.Collect$$libshutdown$$00000012  c_w.l(libshutdown2.o)
    0x080002a4   0x080002a4   0x00000000   Code   RO         3169    .ARM.Collect$$rtentry$$00000000  c_w.l(__rtentry.o)
    0x080002a4   0x080002a4   0x00000000   Code   RO         3192    .ARM.Collect$$rtentry$$00000002  c_w.l(__rtentry2.o)
    0x080002a4   0x080002a4   0x00000006   Code   RO         3204    .ARM.Collect$$rtentry$$00000004  c_w.l(__rtentry4.o)
    0x080002aa   0x080002aa   0x00000000   Code   RO         3194    .ARM.Collect$$rtentry$$00000009  c_w.l(__rtentry2.o)
    0x080002aa   0x080002aa   0x00000004   Code   RO         3195    .ARM.Collect$$rtentry$$0000000A  c_w.l(__rtentry2.o)
    0x080002ae   0x080002ae   0x00000000   Code   RO         3197    .ARM.Collect$$rtentry$$0000000C  c_w.l(__rtentry2.o)
    0x080002ae   0x080002ae   0x00000008   Code   RO         3198    .ARM.Collect$$rtentry$$0000000D  c_w.l(__rtentry2.o)
    0x080002b6   0x080002b6   0x00000002   Code   RO         3381    .ARM.Collect$$rtexit$$00000000  c_w.l(rtexit.o)
    0x080002b8   0x080002b8   0x00000000   Code   RO         3439    .ARM.Collect$$rtexit$$00000002  c_w.l(rtexit2.o)
    0x080002b8   0x080002b8   0x00000004   Code   RO         3440    .ARM.Collect$$rtexit$$00000003  c_w.l(rtexit2.o)
    0x080002bc   0x080002bc   0x00000006   Code   RO         3441    .ARM.Collect$$rtexit$$00000004  c_w.l(rtexit2.o)
    0x080002c2   0x080002c2   0x00000002   PAD
    0x080002c4   0x080002c4   0x00000000   Code   RO         3445    .emb_text           c_w.l(maybetermalloc1.o)
    0x080002c4   0x080002c4   0x00000040   Code   RO            4    .text               startup_stm32f767xx.o
    0x08000304   0x08000304   0x000000ee   Code   RO         3093    .text               c_w.l(lludivv7m.o)
    0x080003f2   0x080003f2   0x00000002   PAD
    0x080003f4   0x080003f4   0x00000018   Code   RO         3099    .text               c_w.l(noretval__2printf.o)
    0x0800040c   0x0800040c   0x00000028   Code   RO         3101    .text               c_w.l(noretval__2sprintf.o)
    0x08000434   0x08000434   0x00000052   Code   RO         3105    .text               c_w.l(_printf_str.o)
    0x08000486   0x08000486   0x00000002   PAD
    0x08000488   0x08000488   0x00000078   Code   RO         3107    .text               c_w.l(_printf_dec.o)
    0x08000500   0x08000500   0x00000058   Code   RO         3112    .text               c_w.l(_printf_hex_int.o)
    0x08000558   0x08000558   0x000000b8   Code   RO         3133    .text               c_w.l(__printf_ss.o)
    0x08000610   0x08000610   0x00000058   Code   RO         3155    .text               c_w.l(memcmp.o)
    0x08000668   0x08000668   0x0000003e   Code   RO         3157    .text               c_w.l(strlen.o)
    0x080006a6   0x080006a6   0x00000044   Code   RO         3159    .text               c_w.l(rt_memclr.o)
    0x080006ea   0x080006ea   0x0000004e   Code   RO         3161    .text               c_w.l(rt_memclr_w.o)
    0x08000738   0x08000738   0x00000068   Code   RO         3163    .text               c_w.l(strcmpv7m_pel.o)
    0x080007a0   0x080007a0   0x00000006   Code   RO         3165    .text               c_w.l(heapauxi.o)
    0x080007a6   0x080007a6   0x000000b2   Code   RO         3174    .text               c_w.l(_printf_intcommon.o)
    0x08000858   0x08000858   0x00000030   Code   RO         3176    .text               c_w.l(_printf_char_common.o)
    0x08000888   0x08000888   0x0000000a   Code   RO         3178    .text               c_w.l(_sputc.o)
    0x08000892   0x08000892   0x0000002c   Code   RO         3180    .text               c_w.l(_printf_char.o)
    0x080008be   0x080008be   0x00000002   PAD
    0x080008c0   0x080008c0   0x00000024   Code   RO         3182    .text               c_w.l(_printf_char_file.o)
    0x080008e4   0x080008e4   0x00000008   Code   RO         3210    .text               c_w.l(ferror.o)
    0x080008ec   0x080008ec   0x00000138   Code   RO         3216    .text               c_w.l(initio.o)
    0x08000a24   0x08000a24   0x0000004a   Code   RO         3226    .text               c_w.l(sys_stackheap_outer.o)
    0x08000a6e   0x08000a6e   0x0000004e   Code   RO         3230    .text               c_w.l(h1_free.o)
    0x08000abc   0x08000abc   0x000001d6   Code   RO         3284    .text               c_w.l(flsbuf.o)
    0x08000c92   0x08000c92   0x00000046   Code   RO         3286    .text               c_w.l(setvbuf.o)
    0x08000cd8   0x08000cd8   0x000000ec   Code   RO         3289    .text               c_w.l(fopen.o)
    0x08000dc4   0x08000dc4   0x0000004c   Code   RO         3291    .text               c_w.l(fclose.o)
    0x08000e10   0x08000e10   0x00000012   Code   RO         3297    .text               c_w.l(exit.o)
    0x08000e22   0x08000e22   0x0000000e   Code   RO         3303    .text               c_w.l(defsig_rtred_outer.o)
    0x08000e30   0x08000e30   0x00000008   Code   RO         3378    .text               c_w.l(libspace.o)
    0x08000e38   0x08000e38   0x00000008   Code   RO         3388    .text               c_w.l(rt_heap_descriptor_intlibspace.o)
    0x08000e40   0x08000e40   0x00000004   Code   RO         3390    .text               c_w.l(hguard.o)
    0x08000e44   0x08000e44   0x0000008a   Code   RO         3392    .text               c_w.l(init_alloc.o)
    0x08000ece   0x08000ece   0x0000005e   Code   RO         3398    .text               c_w.l(h1_alloc.o)
    0x08000f2c   0x08000f2c   0x000000f8   Code   RO         3414    .text               c_w.l(fseek.o)
    0x08001024   0x08001024   0x000000f0   Code   RO         3416    .text               c_w.l(stdio.o)
    0x08001114   0x08001114   0x0000000a   Code   RO         3422    .text               c_w.l(defsig_exit.o)
    0x0800111e   0x0800111e   0x00000002   PAD
    0x08001120   0x08001120   0x00000034   Code   RO         3426    .text               c_w.l(defsig_rtred_inner.o)
    0x08001154   0x08001154   0x0000000c   Code   RO         3436    .text               c_w.l(sys_exit.o)
    0x08001160   0x08001160   0x0000000e   Code   RO         3447    .text               c_w.l(h1_init.o)
    0x0800116e   0x0800116e   0x00000034   Code   RO         3449    .text               c_w.l(h1_extend.o)
    0x080011a2   0x080011a2   0x00000042   Code   RO         3459    .text               c_w.l(ftell.o)
    0x080011e4   0x080011e4   0x00000032   Code   RO         3467    .text               c_w.l(defsig_general.o)
    0x08001216   0x08001216   0x0000000e   Code   RO         3469    .text               c_w.l(defsig_rtmem_outer.o)
    0x08001224   0x08001224   0x0000000e   Code   RO         3484    .text               c_w.l(sys_wrch.o)
    0x08001232   0x08001232   0x00000002   Code   RO         3488    .text               c_w.l(use_no_semi.o)
    0x08001234   0x08001234   0x00000000   Code   RO         3490    .text               c_w.l(indicate_semi.o)
    0x08001234   0x08001234   0x00000008   Code   RO         3494    .text               c_w.l(rt_errno_addr_intlibspace.o)
    0x0800123c   0x0800123c   0x00000050   Code   RO         3500    .text               c_w.l(defsig_rtmem_inner.o)
    0x0800128c   0x0800128c   0x00000002   Code   RO          375    i.BusFault_Handler  stm32f7xx_it.o
    0x0800128e   0x0800128e   0x00000002   Code   RO          376    i.DebugMon_Handler  stm32f7xx_it.o
    0x08001290   0x08001290   0x00000004   Code   RO          253    i.Error_Handler     main.o
    0x08001294   0x08001294   0x00000024   Code   RO         1917    i.HAL_Delay         stm32f7xx_hal.o
    0x080012b8   0x080012b8   0x00000248   Code   RO         1484    i.HAL_GPIO_Init     stm32f7xx_hal_gpio.o
    0x08001500   0x08001500   0x00000010   Code   RO         1487    i.HAL_GPIO_TogglePin  stm32f7xx_hal_gpio.o
    0x08001510   0x08001510   0x0000000a   Code   RO         1488    i.HAL_GPIO_WritePin  stm32f7xx_hal_gpio.o
    0x0800151a   0x0800151a   0x00000002   PAD
    0x0800151c   0x0800151c   0x0000000c   Code   RO         1927    i.HAL_GetTick       stm32f7xx_hal.o
    0x08001528   0x08001528   0x00000058   Code   RO         1095    i.HAL_I2CEx_ConfigAnalogFilter  stm32f7xx_hal_i2c_ex.o
    0x08001580   0x08001580   0x00000054   Code   RO         1096    i.HAL_I2CEx_ConfigDigitalFilter  stm32f7xx_hal_i2c_ex.o
    0x080015d4   0x080015d4   0x000000b8   Code   RO          644    i.HAL_I2C_Init      stm32f7xx_hal_i2c.o
    0x0800168c   0x0800168c   0x00000124   Code   RO          657    i.HAL_I2C_Master_Transmit  stm32f7xx_hal_i2c.o
    0x080017b0   0x080017b0   0x00000084   Code   RO          451    i.HAL_I2C_MspInit   stm32f7xx_hal_msp.o
    0x08001834   0x08001834   0x00000010   Code   RO         1933    i.HAL_IncTick       stm32f7xx_hal.o
    0x08001844   0x08001844   0x00000016   Code   RO         1934    i.HAL_Init          stm32f7xx_hal.o
    0x0800185a   0x0800185a   0x00000002   PAD
    0x0800185c   0x0800185c   0x00000040   Code   RO         1935    i.HAL_InitTick      stm32f7xx_hal.o
    0x0800189c   0x0800189c   0x0000005c   Code   RO          498    i.HAL_MPU_ConfigRegion  stm32f7xx_hal_cortex.o
    0x080018f8   0x080018f8   0x0000001c   Code   RO          499    i.HAL_MPU_Disable   stm32f7xx_hal_cortex.o
    0x08001914   0x08001914   0x00000024   Code   RO          500    i.HAL_MPU_Enable    stm32f7xx_hal_cortex.o
    0x08001938   0x08001938   0x00000030   Code   RO          452    i.HAL_MspInit       stm32f7xx_hal_msp.o
    0x08001968   0x08001968   0x00000040   Code   RO          509    i.HAL_NVIC_SetPriority  stm32f7xx_hal_cortex.o
    0x080019a8   0x080019a8   0x00000024   Code   RO          510    i.HAL_NVIC_SetPriorityGrouping  stm32f7xx_hal_cortex.o
    0x080019cc   0x080019cc   0x0000006c   Code   RO         1824    i.HAL_PWREx_EnableOverDrive  stm32f7xx_hal_pwr_ex.o
    0x08001a38   0x08001a38   0x00000010   Code   RO         1701    i.HAL_PWR_EnableBkUpAccess  stm32f7xx_hal_pwr.o
    0x08001a48   0x08001a48   0x0000053c   Code   RO         1245    i.HAL_RCCEx_PeriphCLKConfig  stm32f7xx_hal_rcc_ex.o
    0x08001f84   0x08001f84   0x00000130   Code   RO         1138    i.HAL_RCC_ClockConfig  stm32f7xx_hal_rcc.o
    0x080020b4   0x080020b4   0x00000064   Code   RO         1147    i.HAL_RCC_GetSysClockFreq  stm32f7xx_hal_rcc.o
    0x08002118   0x08002118   0x00000398   Code   RO         1150    i.HAL_RCC_OscConfig  stm32f7xx_hal_rcc.o
    0x080024b0   0x080024b0   0x000000f2   Code   RO         2203    i.HAL_SPI_Init      stm32f7xx_hal_spi.o
    0x080025a2   0x080025a2   0x00000002   PAD
    0x080025a4   0x080025a4   0x000000c4   Code   RO          454    i.HAL_SPI_MspInit   stm32f7xx_hal_msp.o
    0x08002668   0x08002668   0x0000018c   Code   RO         2206    i.HAL_SPI_Receive   stm32f7xx_hal_spi.o
    0x080027f4   0x080027f4   0x00000186   Code   RO         2211    i.HAL_SPI_Transmit  stm32f7xx_hal_spi.o
    0x0800297a   0x0800297a   0x00000260   Code   RO         2212    i.HAL_SPI_TransmitReceive  stm32f7xx_hal_spi.o
    0x08002bda   0x08002bda   0x00000026   Code   RO          514    i.HAL_SYSTICK_Config  stm32f7xx_hal_cortex.o
    0x08002c00   0x08002c00   0x00000002   Code   RO          377    i.HardFault_Handler  stm32f7xx_it.o
    0x08002c02   0x08002c02   0x00000022   Code   RO          691    i.I2C_Flush_TXDR    stm32f7xx_hal_i2c.o
    0x08002c24   0x08002c24   0x00000120   Code   RO          699    i.I2C_IsErrorOccurred  stm32f7xx_hal_i2c.o
    0x08002d44   0x08002d44   0x00000030   Code   RO          706    i.I2C_TransferConfig  stm32f7xx_hal_i2c.o
    0x08002d74   0x08002d74   0x0000005a   Code   RO          708    i.I2C_WaitOnFlagUntilTimeout  stm32f7xx_hal_i2c.o
    0x08002dce   0x08002dce   0x0000004e   Code   RO          710    i.I2C_WaitOnSTOPFlagUntilTimeout  stm32f7xx_hal_i2c.o
    0x08002e1c   0x08002e1c   0x00000052   Code   RO          711    i.I2C_WaitOnTXISFlagUntilTimeout  stm32f7xx_hal_i2c.o
    0x08002e6e   0x08002e6e   0x00000002   PAD
    0x08002e70   0x08002e70   0x00000024   Code   RO         3008    i.ITM_SendChar      retarget_io.o
    0x08002e94   0x08002e94   0x00000090   Code   RO          254    i.MX_GPIO_Init      main.o
    0x08002f24   0x08002f24   0x00000054   Code   RO          255    i.MX_I2C1_Init      main.o
    0x08002f78   0x08002f78   0x0000004c   Code   RO          256    i.MX_SPI1_Init      main.o
    0x08002fc4   0x08002fc4   0x00000048   Code   RO          257    i.MX_SPI2_Init      main.o
    0x0800300c   0x0800300c   0x00000002   Code   RO          378    i.MemManage_Handler  stm32f7xx_it.o
    0x0800300e   0x0800300e   0x00000002   Code   RO          379    i.NMI_Handler       stm32f7xx_it.o
    0x08003010   0x08003010   0x00000002   Code   RO          380    i.PendSV_Handler    stm32f7xx_it.o
    0x08003012   0x08003012   0x00000002   PAD
    0x08003014   0x08003014   0x000000ac   Code   RO         2240    i.SPI_EndRxTransaction  stm32f7xx_hal_spi.o
    0x080030c0   0x080030c0   0x00000080   Code   RO         2241    i.SPI_EndRxTxTransaction  stm32f7xx_hal_spi.o
    0x08003140   0x08003140   0x000000dc   Code   RO         2246    i.SPI_WaitFifoStateUntilTimeout  stm32f7xx_hal_spi.o
    0x0800321c   0x0800321c   0x000000b8   Code   RO         2247    i.SPI_WaitFlagStateUntilTimeout  stm32f7xx_hal_spi.o
    0x080032d4   0x080032d4   0x00000020   Code   RO           13    i.SSD1306_COMMAND   ssd1306.o
    0x080032f4   0x080032f4   0x000000a2   Code   RO           15    i.SSD1306_INIT      ssd1306.o
    0x08003396   0x08003396   0x000000d2   Code   RO           16    i.SSD1306_RESET     ssd1306.o
    0x08003468   0x08003468   0x00000002   Code   RO          381    i.SVC_Handler       stm32f7xx_it.o
    0x0800346a   0x0800346a   0x00000004   Code   RO          382    i.SysTick_Handler   stm32f7xx_it.o
    0x0800346e   0x0800346e   0x00000002   PAD
    0x08003470   0x08003470   0x000000a4   Code   RO          258    i.SystemClock_Config  main.o
    0x08003514   0x08003514   0x00000010   Code   RO         2580    i.SystemInit        system_stm32f7xx.o
    0x08003524   0x08003524   0x00000002   Code   RO          383    i.UsageFault_Handler  stm32f7xx_it.o
    0x08003526   0x08003526   0x00000002   PAD
    0x08003528   0x08003528   0x00000014   Code   RO          259    i.W5500_ReadBuff    main.o
    0x0800353c   0x0800353c   0x00000010   Code   RO          260    i.W5500_ReadByte    main.o
    0x0800354c   0x0800354c   0x00000014   Code   RO          261    i.W5500_WriteBuff   main.o
    0x08003560   0x08003560   0x0000000c   Code   RO          262    i.W5500_WriteByte   main.o
    0x0800356c   0x0800356c   0x00000034   Code   RO          263    i.W5500_reset       main.o
    0x080035a0   0x080035a0   0x00000010   Code   RO          264    i.W5500_select      main.o
    0x080035b0   0x080035b0   0x00000010   Code   RO          265    i.W5500_unselect    main.o
    0x080035c0   0x080035c0   0x00000058   Code   RO         2944    i.WIZCHIP_READ      w5500.o
    0x08003618   0x08003618   0x00000074   Code   RO         2945    i.WIZCHIP_READ_BUF  w5500.o
    0x0800368c   0x0800368c   0x00000060   Code   RO         2946    i.WIZCHIP_WRITE     w5500.o
    0x080036ec   0x080036ec   0x00000070   Code   RO         2947    i.WIZCHIP_WRITE_BUF  w5500.o
    0x0800375c   0x0800375c   0x00000022   Code   RO          516    i.__NVIC_SetPriority  stm32f7xx_hal_cortex.o
    0x0800377e   0x0800377e   0x00000018   Code   RO         3009    i._sys_close        retarget_io.o
    0x08003796   0x08003796   0x0000000c   Code   RO         3010    i._sys_flen         retarget_io.o
    0x080037a2   0x080037a2   0x00000018   Code   RO         3011    i._sys_istty        retarget_io.o
    0x080037ba   0x080037ba   0x00000002   PAD
    0x080037bc   0x080037bc   0x0000005c   Code   RO         3012    i._sys_open         retarget_io.o
    0x08003818   0x08003818   0x0000000a   Code   RO         3014    i._sys_seek         retarget_io.o
    0x08003822   0x08003822   0x0000003c   Code   RO         3015    i._sys_write        retarget_io.o
    0x0800385e   0x0800385e   0x00000002   PAD
    0x08003860   0x08003860   0x00000074   Code   RO         2643    i.close             socket.o
    0x080038d4   0x080038d4   0x00000028   Code   RO          266    i.configNet         main.o
    0x080038fc   0x080038fc   0x0000004c   Code   RO         2725    i.ctlnetwork        wizchip_conf.o
    0x08003948   0x08003948   0x000000ec   Code   RO         2726    i.ctlwizchip        wizchip_conf.o
    0x08003a34   0x08003a34   0x0000008c   Code   RO         2646    i.disconnect        socket.o
    0x08003ac0   0x08003ac0   0x00000034   Code   RO           17    i.drawByte          ssd1306.o
    0x08003af4   0x08003af4   0x00000028   Code   RO           18    i.drawHorizontalLine  ssd1306.o
    0x08003b1c   0x08003b1c   0x00000040   Code   RO           20    i.drawRectangle     ssd1306.o
    0x08003b5c   0x08003b5c   0x00000028   Code   RO           21    i.drawVerticalLine  ssd1306.o
    0x08003b84   0x08003b84   0x0000003c   Code   RO           22    i.draw_pixel        ssd1306.o
    0x08003bc0   0x08003bc0   0x0000001a   Code   RO         3213    i.fputc             c_w.l(fputc.o)
    0x08003bda   0x08003bda   0x0000004c   Code   RO         2948    i.getSn_RX_RSR      w5500.o
    0x08003c26   0x08003c26   0x0000004c   Code   RO         2949    i.getSn_TX_FSR      w5500.o
    0x08003c72   0x08003c72   0x00000002   PAD
    0x08003c74   0x08003c74   0x000000fc   Code   RO         2647    i.getsockopt        socket.o
    0x08003d70   0x08003d70   0x00000070   Code   RO         2648    i.listen            socket.o
    0x08003de0   0x08003de0   0x000003e4   Code   RO          267    i.main              main.o
    0x080041c4   0x080041c4   0x0000007c   Code   RO           24    i.printChar         ssd1306.o
    0x08004240   0x08004240   0x00000044   Code   RO           25    i.printString       ssd1306.o
    0x08004284   0x08004284   0x000000e4   Code   RO         2649    i.recv              socket.o
    0x08004368   0x08004368   0x00000024   Code   RO         2729    i.reg_wizchip_cs_cbfunc  wizchip_conf.o
    0x0800438c   0x0800438c   0x0000002c   Code   RO         2730    i.reg_wizchip_spi_cbfunc  wizchip_conf.o
    0x080043b8   0x080043b8   0x0000002c   Code   RO         2731    i.reg_wizchip_spiburst_cbfunc  wizchip_conf.o
    0x080043e4   0x080043e4   0x0000011c   Code   RO         2651    i.send              socket.o
    0x08004500   0x08004500   0x0000000c   Code   RO           26    i.setColor          ssd1306.o
    0x0800450c   0x0800450c   0x0000000c   Code   RO           27    i.setCursor         ssd1306.o
    0x08004518   0x08004518   0x00000010   Code   RO           28    i.setFont           ssd1306.o
    0x08004528   0x08004528   0x0000011c   Code   RO         2654    i.socket            socket.o
    0x08004644   0x08004644   0x00000010   Code   RO           29    i.ssd1306_clear_display  ssd1306.o
    0x08004654   0x08004654   0x0000004c   Code   RO           30    i.ssd1306_draw_display  ssd1306.o
    0x080046a0   0x080046a0   0x00000060   Code   RO         2950    i.wiz_recv_data     w5500.o
    0x08004700   0x08004700   0x00000060   Code   RO         2952    i.wiz_send_data     w5500.o
    0x08004760   0x08004760   0x00000004   Code   RO         2732    i.wizchip_bus_readdata  wizchip_conf.o
    0x08004764   0x08004764   0x00000004   Code   RO         2733    i.wizchip_bus_writedata  wizchip_conf.o
    0x08004768   0x08004768   0x0000003a   Code   RO         2734    i.wizchip_clrinterrupt  wizchip_conf.o
    0x080047a2   0x080047a2   0x00000002   Code   RO         2735    i.wizchip_cris_enter  wizchip_conf.o
    0x080047a4   0x080047a4   0x00000002   Code   RO         2736    i.wizchip_cris_exit  wizchip_conf.o
    0x080047a6   0x080047a6   0x00000002   Code   RO         2737    i.wizchip_cs_deselect  wizchip_conf.o
    0x080047a8   0x080047a8   0x00000002   Code   RO         2738    i.wizchip_cs_select  wizchip_conf.o
    0x080047aa   0x080047aa   0x0000001e   Code   RO         2739    i.wizchip_getinterrupt  wizchip_conf.o
    0x080047c8   0x080047c8   0x0000001c   Code   RO         2740    i.wizchip_getinterruptmask  wizchip_conf.o
    0x080047e4   0x080047e4   0x00000058   Code   RO         2741    i.wizchip_getnetinfo  wizchip_conf.o
    0x0800483c   0x0800483c   0x00000006   Code   RO         2742    i.wizchip_getnetmode  wizchip_conf.o
    0x08004842   0x08004842   0x00000028   Code   RO         2743    i.wizchip_gettimeout  wizchip_conf.o
    0x0800486a   0x0800486a   0x0000007a   Code   RO         2744    i.wizchip_init      wizchip_conf.o
    0x080048e4   0x080048e4   0x0000001c   Code   RO         2745    i.wizchip_setinterruptmask  wizchip_conf.o
    0x08004900   0x08004900   0x00000058   Code   RO         2746    i.wizchip_setnetinfo  wizchip_conf.o
    0x08004958   0x08004958   0x00000024   Code   RO         2747    i.wizchip_setnetmode  wizchip_conf.o
    0x0800497c   0x0800497c   0x00000028   Code   RO         2748    i.wizchip_settimeout  wizchip_conf.o
    0x080049a4   0x080049a4   0x00000002   Code   RO         2749    i.wizchip_spi_readburst  wizchip_conf.o
    0x080049a6   0x080049a6   0x00000004   Code   RO         2750    i.wizchip_spi_readbyte  wizchip_conf.o
    0x080049aa   0x080049aa   0x00000002   Code   RO         2751    i.wizchip_spi_writeburst  wizchip_conf.o
    0x080049ac   0x080049ac   0x00000002   Code   RO         2752    i.wizchip_spi_writebyte  wizchip_conf.o
    0x080049ae   0x080049ae   0x00000074   Code   RO         2753    i.wizchip_sw_reset  wizchip_conf.o
    0x08004a22   0x08004a22   0x0000004e   Code   RO         2754    i.wizphy_getphyconf  wizchip_conf.o
    0x08004a70   0x08004a70   0x00000016   Code   RO         2755    i.wizphy_getphylink  wizchip_conf.o
    0x08004a86   0x08004a86   0x0000001a   Code   RO         2756    i.wizphy_getphypmode  wizchip_conf.o
    0x08004aa0   0x08004aa0   0x0000002a   Code   RO         2758    i.wizphy_reset      wizchip_conf.o
    0x08004aca   0x08004aca   0x0000004a   Code   RO         2759    i.wizphy_setphyconf  wizchip_conf.o
    0x08004b14   0x08004b14   0x00000050   Code   RO         2760    i.wizphy_setphypmode  wizchip_conf.o
    0x08004b64   0x08004b64   0x0000000a   Code   RO         3434    x$fpl$fpinit        fz_wv.l(fpinit.o)
    0x08004b6e   0x08004b6e   0x00000600   Data   RO          270    .constdata          main.o
    0x0800516e   0x0800516e   0x00000010   Data   RO         2581    .constdata          system_stm32f7xx.o
    0x0800517e   0x0800517e   0x00000007   Data   RO         3016    .constdata          retarget_io.o
    0x08005185   0x08005185   0x00000008   Data   RO         3017    .constdata          retarget_io.o
    0x0800518d   0x0800518d   0x00000008   Data   RO         3018    .constdata          retarget_io.o
    0x08005195   0x08005195   0x00000028   Data   RO         3113    .constdata          c_w.l(_printf_hex_int.o)
    0x080051bd   0x080051bd   0x00000003   PAD
    0x080051c0   0x080051c0   0x00000020   Data   RO         3523    Region$$Table       anon$$obj.o


    Execution Region RW_IRAM1 (Exec base: 0x20000000, Load base: 0x080051e0, Size: 0x00000e18, Max: 0x00080000, ABSOLUTE)

    Exec Addr    Load Addr    Size         Type   Attr      Idx    E Section Name        Object

    0x20000000   0x080051e0   0x00000010   Data   RW           32    .data               ssd1306.o
    0x20000010   0x080051f0   0x00000023   Data   RW          272    .data               main.o
    0x20000033   0x08005213   0x00000001   PAD
    0x20000034   0x08005214   0x0000000c   Data   RW         1941    .data               stm32f7xx_hal.o
    0x20000040   0x08005220   0x00000004   Data   RW         2583    .data               system_stm32f7xx.o
    0x20000044   0x08005224   0x0000000e   Data   RW         2656    .data               socket.o
    0x20000052   0x08005232   0x00000002   PAD
    0x20000054   0x08005234   0x00000034   Data   RW         2761    .data               wizchip_conf.o
    0x20000088   0x08005268   0x00000004   Data   RW         3188    .data               c_w.l(stdio_streams.o)
    0x2000008c   0x0800526c   0x00000004   Data   RW         3189    .data               c_w.l(stdio_streams.o)
    0x20000090   0x08005270   0x00000004   Data   RW         3190    .data               c_w.l(stdio_streams.o)
    0x20000094        -       0x00000400   Zero   RW           31    .bss                ssd1306.o
    0x20000494        -       0x00000214   Zero   RW          269    .bss                main.o
    0x200006a8        -       0x00000010   Zero   RW         2655    .bss                socket.o
    0x200006b8        -       0x00000054   Zero   RW         3185    .bss                c_w.l(stdio_streams.o)
    0x2000070c        -       0x00000054   Zero   RW         3186    .bss                c_w.l(stdio_streams.o)
    0x20000760        -       0x00000054   Zero   RW         3187    .bss                c_w.l(stdio_streams.o)
    0x200007b4        -       0x00000060   Zero   RW         3379    .bss                c_w.l(libspace.o)
    0x20000814   0x08005274   0x00000004   PAD
    0x20000818        -       0x00000200   Zero   RW            2    HEAP                startup_stm32f767xx.o
    0x20000a18        -       0x00000400   Zero   RW            1    STACK               startup_stm32f767xx.o


==============================================================================

Image component sizes


      Code (inc. data)   RO Data    RW Data    ZI Data      Debug   Object Name

      1732        496       1536         35        532      14750   main.o
       258         28         23          0          0       6738   retarget_io.o
      1416         56          0         14         16       7427   socket.o
       984         68          0         16       1024     852026   ssd1306.o
        64         26        504          0       1536        828   startup_stm32f767xx.o
       150         24          0         12          0       9049   stm32f7xx_hal.o
       328         28          0          0          0      40304   stm32f7xx_hal_cortex.o
       610         54          0          0          0       2845   stm32f7xx_hal_gpio.o
      1096         22          0          0          0       8925   stm32f7xx_hal_i2c.o
       172          0          0          0          0       1919   stm32f7xx_hal_i2c_ex.o
       376         42          0          0          0       2446   stm32f7xx_hal_msp.o
        16          4          0          0          0        527   stm32f7xx_hal_pwr.o
       108          8          0          0          0       1232   stm32f7xx_hal_pwr_ex.o
      1324         46          0          0          0       3926   stm32f7xx_hal_rcc.o
      1340         22          0          0          0       2292   stm32f7xx_hal_rcc_ex.o
      2340         28          0          0          0      10166   stm32f7xx_hal_spi.o
        20          0          0          0          0       4010   stm32f7xx_it.o
        16          4         16          4          0       1079   system_stm32f7xx.o
       756         18          0          0          0       6644   w5500.o
      1464         82          0         52          0      25220   wizchip_conf.o

    ----------------------------------------------------------------------
     14590       1056       2111        136       3108    1002353   Object Totals
         0          0         32          0          0          0   (incl. Generated)
        20          0          0          3          0          0   (incl. Padding)

    ----------------------------------------------------------------------

      Code (inc. data)   RO Data    RW Data    ZI Data      Debug   Library Member Name

         8          0          0          0          0         68   __main.o
       184          0          0          0          0         84   __printf_ss.o
         0          0          0          0          0          0   __rtentry.o
        12          0          0          0          0          0   __rtentry2.o
         6          0          0          0          0          0   __rtentry4.o
        52          8          0          0          0          0   __scatter.o
        26          0          0          0          0          0   __scatter_copy.o
        28          0          0          0          0          0   __scatter_zi.o
        44          0          0          0          0        108   _printf_char.o
        48          6          0          0          0         96   _printf_char_common.o
        36          4          0          0          0         80   _printf_char_file.o
         6          0          0          0          0          0   _printf_d.o
       120         16          0          0          0         92   _printf_dec.o
        88          4         40          0          0         88   _printf_hex_int.o
       178          0          0          0          0         88   _printf_intcommon.o
         0          0          0          0          0          0   _printf_percent.o
         4          0          0          0          0          0   _printf_percent_end.o
         6          0          0          0          0          0   _printf_s.o
        82          0          0          0          0         80   _printf_str.o
         6          0          0          0          0          0   _printf_u.o
         6          0          0          0          0          0   _printf_x.o
        10          0          0          0          0         68   _sputc.o
        10          0          0          0          0         68   defsig_exit.o
        50          0          0          0          0         88   defsig_general.o
        80         58          0          0          0         76   defsig_rtmem_inner.o
        14          0          0          0          0         80   defsig_rtmem_outer.o
        52         38          0          0          0         76   defsig_rtred_inner.o
        14          0          0          0          0         80   defsig_rtred_outer.o
        18          0          0          0          0         80   exit.o
        76          0          0          0          0         88   fclose.o
         8          0          0          0          0         68   ferror.o
       470          0          0          0          0         88   flsbuf.o
       236          4          0          0          0        128   fopen.o
        26          0          0          0          0         68   fputc.o
       248          6          0          0          0         84   fseek.o
        66          0          0          0          0         76   ftell.o
        94          0          0          0          0         80   h1_alloc.o
        52          0          0          0          0         68   h1_extend.o
        78          0          0          0          0         80   h1_free.o
        14          0          0          0          0         84   h1_init.o
         6          0          0          0          0        152   heapauxi.o
         4          0          0          0          0        136   hguard.o
         0          0          0          0          0          0   indicate_semi.o
       138          0          0          0          0        168   init_alloc.o
       312         46          0          0          0        112   initio.o
         2          0          0          0          0          0   libinit.o
        18          0          0          0          0          0   libinit2.o
         2          0          0          0          0          0   libshutdown.o
         6          0          0          0          0          0   libshutdown2.o
         8          4          0          0         96         68   libspace.o
       238          0          0          0          0        100   lludivv7m.o
         0          0          0          0          0          0   maybetermalloc1.o
        88          0          0          0          0         76   memcmp.o
        24          4          0          0          0         84   noretval__2printf.o
        40          6          0          0          0         84   noretval__2sprintf.o
         8          4          0          0          0         68   rt_errno_addr_intlibspace.o
         8          4          0          0          0         68   rt_heap_descriptor_intlibspace.o
        68          0          0          0          0         68   rt_memclr.o
        78          0          0          0          0         80   rt_memclr_w.o
         2          0          0          0          0          0   rtexit.o
        10          0          0          0          0          0   rtexit2.o
        70          0          0          0          0         80   setvbuf.o
       240          6          0          0          0        156   stdio.o
         0          0          0         12        252          0   stdio_streams.o
       104          0          0          0          0         68   strcmpv7m_pel.o
        62          0          0          0          0         76   strlen.o
        12          4          0          0          0         68   sys_exit.o
        74          0          0          0          0         80   sys_stackheap_outer.o
        14          0          0          0          0         76   sys_wrch.o
         2          0          0          0          0         68   use_no_semi.o
        10          0          0          0          0        116   fpinit.o

    ----------------------------------------------------------------------
      4216        222         43         12        352       4364   Library Totals
        12          0          3          0          4          0   (incl. Padding)

    ----------------------------------------------------------------------

      Code (inc. data)   RO Data    RW Data    ZI Data      Debug   Library Name

      4194        222         40         12        348       4248   c_w.l
        10          0          0          0          0        116   fz_wv.l

    ----------------------------------------------------------------------
      4216        222         43         12        352       4364   Library Totals

    ----------------------------------------------------------------------

==============================================================================


      Code (inc. data)   RO Data    RW Data    ZI Data      Debug   

     18806       1278       2154        148       3460     991425   Grand Totals
     18806       1278       2154        148       3460     991425   ELF Image Totals
     18806       1278       2154        148          0          0   ROM Totals

==============================================================================

    Total RO  Size (Code + RO Data)                20960 (  20.47kB)
    Total RW  Size (RW Data + ZI Data)              3608 (   3.52kB)
    Total ROM Size (Code + RO Data + RW Data)      21108 (  20.61kB)

==============================================================================

